# 官方固件

## 官方android固件

```shell
console:/ # 
console:/ # uname -a                                                           
Linux localhost 5.10.66 #28 SMP PREEMPT Fri Apr 1 18:01:55 CST 2022 aarch64
console:/ # 
console:/ # 
console:/ # 
console:/ # cat /proc/cmdline                                                  
storagemedia=emmc androidboot.storagemedia=emmc androidboot.mode=normal  androidboot.dtb_idx=0 androidboot.dtbo_idx=0  androidboot.verifiedbootstate=orange androidboot.serialno=6230dde1fb54e372 console=ttyFIQ0 firmware_class.path=/vendor/etc/firmware init=/init rootwait ro loop.max_part=7 androidboot.console=ttyFIQ0 androidboot.wificountrycode=CN androidboot.hardware=rk30board androidboot.boot_devices=fe2e0000.mmc androidboot.selinux=permissive earlycon=uart8250,mmio32,0xfeb50000 irqchip.gicv3_pseudo_nmi=0
console:/ # 
console:/ # lspci -nn
30:00.0 Class 0604: 1d87:3588
21:00.0 Class 0280: 14e4:449d
20:00.0 Class 0604: 1d87:3588
31:00.0 Class 0200: 10ec:8168
console:/ # lsusb -t
Bus 005 Device 001: ID 1d6b:0002
Bus 003 Device 001: ID 1d6b:0002
Bus 001 Device 001: ID 1d6b:0002
Bus 008 Device 002: ID 1a40:0201
Bus 008 Device 001: ID 1d6b:0002
Bus 006 Device 001: ID 1d6b:0003
Bus 004 Device 001: ID 1d6b:0003
Bus 002 Device 001: ID 1d6b:0001
Bus 008 Device 003: ID 067b:23a3
Bus 007 Device 001: ID 1d6b:0001
console:/ # free -h
		total        used        free      shared     buffers
Mem:             7.4G        2.2G        5.2G        3.3M        3.6M
-/+ buffers/cache:           2.2G        5.2G
Swap:            3.7G           0        3.7G
console:/ # 
console:/ # df -h
Filesystem            Size Used Avail Use% Mounted on
tmpfs                 3.7G 1.1M  3.7G   1% /dev
tmpfs                 3.7G    0  3.7G   0% /mnt
/dev/block/mmcblk0p11  11M 160K   11M   2% /metadata
/dev/block/dm-0       936M 933M  2.8M 100% /
/dev/block/dm-2       318M 317M  0.9M 100% /vendor
/dev/block/dm-4       648K 644K  4.0K 100% /odm
/dev/block/dm-1       147M 146M  452K 100% /system_ext
/dev/block/dm-3       3.6M 3.6M   12K 100% /vendor_dlkm
/dev/block/dm-5       232K  32K  200K  14% /odm_dlkm
/dev/block/dm-6       257M 256M  800K 100% /product
tmpfs                 3.7G 8.0K  3.7G   1% /apex
tmpfs                 3.7G 576K  3.7G   1% /linkerconfig
/dev/block/mmcblk0p10 356M 236K  356M   1% /cache
/dev/block/dm-7       111G 1.3G  109G   2% /data
tmpfs                 3.7G    0  3.7G   0% /data_mirror
/dev/fuse             111G 1.3G  109G   2% /mnt/user/0/emulated
console:/ # 
console:/ # 
console:/ # ls -alh /dev/block/mmc*                                            
brw------- 1 root   root   179,   0 2026-07-07 23:36 /dev/block/mmcblk0
brw------- 1 root   root   179,  32 2026-07-07 23:36 /dev/block/mmcblk0boot0
brw------- 1 root   root   179,  64 2026-07-07 23:36 /dev/block/mmcblk0boot1
brw------- 1 root   root   179,   1 2026-07-07 23:36 /dev/block/mmcblk0p1
brw------- 1 root   root   179,  10 2026-07-07 23:36 /dev/block/mmcblk0p10
brw------- 1 root   root   179,  11 2026-07-07 23:36 /dev/block/mmcblk0p11
brw-rw---- 1 system system 179,  12 2026-07-07 23:36 /dev/block/mmcblk0p12
brw------- 1 root   root   179,  13 2026-07-07 23:36 /dev/block/mmcblk0p13
brw------- 1 root   root   179,  14 2026-07-07 23:36 /dev/block/mmcblk0p14
brw------- 1 root   root   179,   2 2026-07-07 23:36 /dev/block/mmcblk0p2
brw------- 1 root   root   179,   3 2026-07-07 23:36 /dev/block/mmcblk0p3
brw------- 1 root   root   179,   4 2026-07-07 23:36 /dev/block/mmcblk0p4
brw------- 1 root   root   179,   5 2026-07-07 23:36 /dev/block/mmcblk0p5
brw------- 1 root   root   179,   6 2026-07-07 23:36 /dev/block/mmcblk0p6
brw------- 1 root   root   179,   7 2026-07-07 23:36 /dev/block/mmcblk0p7
brw------- 1 root   root   179,   8 2026-07-07 23:36 /dev/block/mmcblk0p8
brw------- 1 root   root   179,   9 2026-07-07 23:36 /dev/block/mmcblk0p9
console:/ # 
console:/ # 
console:/ #
```


## 内核启动日志

```shell
console:/ # dmesg
[    0.635438] Booting Linux on physical CPU 0x0000000000 [0x412fd050]
[    0.635460] Linux version 5.10.66 (root@ly-Lenovo-Legion-Y7000-2020) (Android (7284624, based on r416183b) clang version 12.0.5 (https://android.googlesource.com/toolchain/llvm-project c935d99d7cf2016289302412d708641d52d2f7ee), LLD 12.0.5 (/buildbot/src/android/llvm-toolchain/out/llvm-project/lld c935d99d7cf2016289302412d708641d52d2f7ee)) #28 SMP PREEMPT Fri Apr 1 18:01:55 CST 2022
[    0.649203] Machine model: Rockchip RK3588 Decenta OPS S21 V10 Board
[    0.687547] earlycon: uart8250 at MMIO32 0x00000000feb50000 (options '')
[    0.692646] printk: bootconsole [uart8250] enabled
[    0.700578] OF: fdt: Reserved memory: failed to reserve memory for node 'drm-logo@00000000': base 0x0000000000000000, size 0 MiB
[    0.701712] OF: fdt: Reserved memory: failed to reserve memory for node 'drm-cubic-lut@00000000': base 0x0000000000000000, size 0 MiB
[    0.702917] Reserved memory: created CMA memory pool at 0x0000000010000000, size 256 MiB
[    0.703720] OF: reserved mem: initialized node cma, compatible id shared-dma-pool
[    0.826742] Zone ranges:
[    0.827044] DMA32    [mem 0x0000000000200000-0x00000000ffffffff]
[    0.827680] Normal   [mem 0x0000000100000000-0x00000001ffffffff]
[    0.828312] Movable zone start for each node
[    0.828767] Early memory node ranges
[    0.829160] node   0: [mem 0x0000000000200000-0x00000000083fffff]
[    0.829798] node   0: [mem 0x0000000009400000-0x00000000efffffff]
[    0.830436] node   0: [mem 0x0000000100000000-0x00000001ffffffff]
[    0.831076] Initmem setup node 0 [mem 0x0000000000200000-0x00000001ffffffff]
[    0.831787] On node 0 totalpages: 2027008
[    0.831791] DMA32 zone: 15288 pages used for memmap
[    0.831794] DMA32 zone: 0 pages reserved
[    0.831798] DMA32 zone: 978432 pages, LIFO batch:63
[    0.831802] Normal zone: 16384 pages used for memmap
[    0.831805] Normal zone: 1048576 pages, LIFO batch:63
[    0.876407] psci: probing for conduit method from DT.
[    0.876942] psci: PSCIv1.1 detected in firmware.
[    0.877429] psci: Using standard PSCI v0.2 function IDs
[    0.877974] psci: Trusted OS migration not required
[    0.878486] psci: SMC Calling Convention v1.2
[    0.879329] percpu: Embedded 32 pages/cpu s90968 r8192 d31912 u131072
[    0.880020] pcpu-alloc: s90968 r8192 d31912 u131072 alloc=32*4096
[    0.880026] pcpu-alloc: [0] 0 [0] 1 [0] 2 [0] 3 [0] 4 [0] 5 [0] 6 [0] 7 
[    0.880152] Detected VIPT I-cache on CPU0
[    0.880614] CPU features: detected: GIC system register CPU interface
[    0.881268] CPU features: detected: Virtualization Host Extensions
[    0.881903] CPU features: detected: ARM errata 1165522, 1319367, or 1530923
[    0.882619] alternatives: patching kernel code
[    0.885137] Built 1 zonelists, mobility grouping on.  Total pages: 1995336
[    0.885838] Kernel command line: storagemedia=emmc androidboot.storagemedia=emmc androidboot.mode=normal  androidboot.dtb_idx=0 androidboot.dtbo_idx=0  androidboot.verifiedbootstate=orange androidboot.serialno=6230dde1fb54e372 console=ttyFIQ0 firmware_class.path=/vendor/etc/firmware init=/init rootwait ro loop.max_part=7 androidboot.console=ttyFIQ0 androidboot.wificountrycode=CN androidboot.hardware=rk30board androidboot.boot_devices=fe2e0000.mmc androidboot.selinux=permissive earlycon=uart8250,mmio32,0xfeb50000 irqchip.gicv3_pseudo_nmi=0
[    0.891462] Dentry cache hash table entries: 1048576 (order: 11, 8388608 bytes, linear)
[    0.892711] Inode-cache hash table entries: 524288 (order: 10, 4194304 bytes, linear)
[    0.893558] mem auto-init: stack:off, heap alloc:off, heap free:off
[    0.901480] software IO TLB: mapped [mem 0x00000000ec000000-0x00000000f0000000] (64MB)
[    0.961956] Memory: 7584424K/8108032K available (18814K kernel code, 3948K rwdata, 11036K rodata, 1280K init, 927K bss, 261464K reserved, 262144K cma-reserved)
[    0.963426] SLUB: HWalign=64, Order=0-3, MinObjects=0, CPUs=8, Nodes=1
[    0.964323] rcu: Preemptible hierarchical RCU implementation.
[    0.964918] rcu: \x09RCU event tracing is enabled.
[    0.965398] \x09Trampoline variant of Tasks RCU enabled.
[    0.965924] \x09Tracing variant of Tasks RCU enabled.
[    0.966428] rcu: RCU calculated value of scheduler-enlistment delay is 30 jiffies.
[    0.970901] NR_IRQS: 64, nr_irqs: 64, preallocated irqs: 0
[    0.974228] GICv3: GIC: Using split EOI/Deactivate mode
[    0.974778] GICv3: 480 SPIs implemented
[    0.975194] GICv3: 0 Extended SPIs implemented
[    0.975689] GICv3: Distributor has no Range Selector support
[    0.976276] GICv3: 16 PPIs implemented
[    0.976728] GICv3: CPU0: found redistributor 0 region 0:0x00000000fe680000
[    0.977510] ITS [mem 0xfe640000-0xfe65ffff]
[    0.978008] ITS@0x00000000fe640000: allocated 8192 Devices @1000f0000 (indirect, esz 8, psz 64K, shr 0)
[    0.978955] ITS@0x00000000fe640000: allocated 32768 Interrupt Collections @100100000 (flat, esz 2, psz 64K, shr 0)
[    0.979968] ITS: using cache flushing for cmd queue
[    0.980506] ITS [mem 0xfe660000-0xfe67ffff]
[    0.980996] ITS@0x00000000fe660000: allocated 8192 Devices @100120000 (indirect, esz 8, psz 64K, shr 0)
[    0.981940] ITS@0x00000000fe660000: allocated 32768 Interrupt Collections @100130000 (flat, esz 2, psz 64K, shr 0)
[    0.982950] ITS: using cache flushing for cmd queue
[    0.983712] GICv3: using LPI property table @0x0000000100140000
[    0.984455] GIC: using cache flushing for LPI property table
[    0.985042] GICv3: CPU0: using allocated LPI pending table @0x0000000100150000
[    0.985861] kfence: initialized - using 524288 bytes for 63 objects at 0x(____ptrval____)-0x(____ptrval____)
[    0.986915] random: get_random_bytes called from start_kernel+0x268/0x504 with crng_init=0
[    1.147272] arch_timer: cp15 timer(s) running at 24.00MHz (phys).
[    1.148729] clocksource: arch_sys_counter: mask: 0xffffffffffffff max_cycles: 0x588fe9dc0, max_idle_ns: 440795202592 ns
[    1.149792] sched_clock: 56 bits at 24MHz, resolution 41ns, wraps every 4398046511097ns
[    1.151883] Calibrating delay loop (skipped), value calculated using timer frequency.. 48.00 BogoMIPS (lpj=80000)
[    1.152907] pid_max: default: 32768 minimum: 301
[    1.153485] LSM: Security Framework initializing
[    1.154002] SELinux:  Initializing.
[    1.154471] Mount-cache hash table entries: 16384 (order: 5, 131072 bytes, linear)
[    1.155268] Mountpoint-cache hash table entries: 16384 (order: 5, 131072 bytes, linear)
[    1.157878] rcu: Hierarchical SRCU implementation.
[    1.158764] Platform MSI: msi-controller@fe640000 domain created
[    1.159399] Platform MSI: msi-controller@fe660000 domain created
[    1.160392] PCI/MSI: /interrupt-controller@fe600000/msi-controller@fe640000 domain created
[    1.161233] PCI/MSI: /interrupt-controller@fe600000/msi-controller@fe660000 domain created
[    1.162756] smp: Bringing up secondary CPUs ...
[    1.164464] Detected VIPT I-cache on CPU1
[    1.164490] GICv3: CPU1: found redistributor 100 region 0:0x00000000fe6a0000
[    1.164507] GICv3: CPU1: using allocated LPI pending table @0x0000000100160000
[    1.164549] CPU1: Booted secondary processor 0x0000000100 [0x412fd050]
[    1.165868] Detected VIPT I-cache on CPU2
[    1.165890] GICv3: CPU2: found redistributor 200 region 0:0x00000000fe6c0000
[    1.165906] GICv3: CPU2: using allocated LPI pending table @0x0000000100170000
[    1.165945] CPU2: Booted secondary processor 0x0000000200 [0x412fd050]
[    1.167207] Detected VIPT I-cache on CPU3
[    1.167227] GICv3: CPU3: found redistributor 300 region 0:0x00000000fe6e0000
[    1.167241] GICv3: CPU3: using allocated LPI pending table @0x0000000100180000
[    1.167277] CPU3: Booted secondary processor 0x0000000300 [0x412fd050]
[    1.168538] CPU features: detected: Spectre-v4
[    1.168541] Detected PIPT I-cache on CPU4
[    1.168551] GICv3: CPU4: found redistributor 400 region 0:0x00000000fe700000
[    1.168559] GICv3: CPU4: using allocated LPI pending table @0x0000000100190000
[    1.168582] CPU4: Booted secondary processor 0x0000000400 [0x414fd0b0]
[    1.169826] Detected PIPT I-cache on CPU5
[    1.169837] GICv3: CPU5: found redistributor 500 region 0:0x00000000fe720000
[    1.169846] GICv3: CPU5: using allocated LPI pending table @0x00000001001a0000
[    1.169869] CPU5: Booted secondary processor 0x0000000500 [0x414fd0b0]
[    1.171099] Detected PIPT I-cache on CPU6
[    1.171110] GICv3: CPU6: found redistributor 600 region 0:0x00000000fe740000
[    1.171118] GICv3: CPU6: using allocated LPI pending table @0x00000001001b0000
[    1.171141] CPU6: Booted secondary processor 0x0000000600 [0x414fd0b0]
[    1.172359] Detected PIPT I-cache on CPU7
[    1.172370] GICv3: CPU7: found redistributor 700 region 0:0x00000000fe760000
[    1.172378] GICv3: CPU7: using allocated LPI pending table @0x00000001001c0000
[    1.172402] CPU7: Booted secondary processor 0x0000000700 [0x414fd0b0]
[    1.172465] smp: Brought up 1 node, 8 CPUs
[    1.191220] SMP: Total of 8 processors activated.
[    1.191723] CPU features: detected: Privileged Access Never
[    1.192302] CPU features: detected: LSE atomic instructions
[    1.192882] CPU features: detected: User Access Override
[    1.193439] CPU features: detected: 32-bit EL0 Support
[    1.193979] CPU features: detected: Common not Private translations
[    1.194636] CPU features: detected: RAS Extension Support
[    1.195202] CPU features: detected: Data cache clean to the PoU not required for I/D coherence
[    1.196060] CPU features: detected: CRC32 instructions
[    1.196600] CPU features: detected: Speculative Store Bypassing Safe (SSBS)
[    1.197311] CPU features: detected: RCpc load-acquire (LDAPR)
[    1.235688] CPU: All CPU(s) started at EL2
[    1.238391] devtmpfs: initialized
[    1.248218] Registered cp15_barrier emulation handler
[    1.248261] Trying to unpack rootfs image as initramfs...
[    1.249308] Registered setend emulation handler
[    1.249784] KASLR disabled due to lack of seed
[    1.250316] clocksource: jiffies: mask: 0xffffffff max_cycles: 0xffffffff, max_idle_ns: 6370867519511994 ns
[    1.251265] futex hash table entries: 2048 (order: 5, 131072 bytes, linear)
[    1.253798] pinctrl core: initialized pinctrl subsystem
[    1.254676] NET: Registered protocol family 16
[    1.255789] DMA: preallocated 1024 KiB GFP_KERNEL pool for atomic allocations
[    1.256604] DMA: preallocated 1024 KiB GFP_KERNEL|GFP_DMA32 pool for atomic allocations
[    1.257410] audit: initializing netlink subsys (disabled)
[    1.258018] audit: type=2000 audit(0.103:1): state=initialized audit_enabled=0 res=1
[    1.258372] thermal_sys: Registered thermal governor 'fair_share'
[    1.258795] thermal_sys: Registered thermal governor 'step_wise'
[    1.259412] thermal_sys: Registered thermal governor 'user_space'
[    1.260019] thermal_sys: Registered thermal governor 'power_allocator'
[    1.260747] thermal thermal_zone1: power_allocator: sustainable_power will be estimated
[    1.262215] thermal thermal_zone2: power_allocator: sustainable_power will be estimated
[    1.263017] thermal thermal_zone3: power_allocator: sustainable_power will be estimated
[    1.263825] thermal thermal_zone4: power_allocator: sustainable_power will be estimated
[    1.264629] thermal thermal_zone5: power_allocator: sustainable_power will be estimated
[    1.265438] thermal thermal_zone6: power_allocator: sustainable_power will be estimated
[    1.266253] cpuidle: using governor menu
[    1.266676] Registered FIQ tty driver
[    1.267155] hw-breakpoint: found 6 breakpoint and 4 watchpoint registers.
[    1.267963] ASID allocator initialised with 65536 entries
[    1.270067] printk: console [ramoops-1] enabled
[    1.270602] pstore: Registered ramoops as persistent store backend
[    1.271226] ramoops: using 0xf0000@0x110000, ecc: 0
[    1.290169] Freeing initrd memory: 1316K
[    1.307098] rockchip-gpio fd8a0000.gpio: probed /pinctrl/gpio@fd8a0000
[    1.307901] rockchip-gpio fec20000.gpio: probed /pinctrl/gpio@fec20000
[    1.308676] rockchip-gpio fec30000.gpio: probed /pinctrl/gpio@fec30000
[    1.309479] rockchip-gpio fec40000.gpio: probed /pinctrl/gpio@fec40000
[    1.310301] rockchip-gpio fec50000.gpio: probed /pinctrl/gpio@fec50000
[    1.310982] rockchip-pinctrl pinctrl: probed pinctrl
[    1.323024] fiq_debugger fiq_debugger.0: IRQ fiq not found
[    1.323588] fiq_debugger fiq_debugger.0: IRQ wakeup not found
[    1.324170] fiq_debugger_probe: could not install nmi irq handler
[    1.324822] printk: console [ttyFIQ0] enabled
[    1.325716] printk: bootconsole [uart8250] disabled
[    1.326290] Registered fiq debugger ttyFIQ0
[    1.326590] vcc5v0_sys: supplied by vcc12v_dcin
[    1.326748] iommu: Default domain type: Translated 
[    1.326798] rk_iommu fdab9000.iommu: version = 2
[    1.327046] rk_iommu fdb50800.iommu: version = 2
[    1.327212] rk_iommu fdb60f00.iommu: version = 2
[    1.327336] rk_iommu fdb70f00.iommu: version = 2
[    1.327447] rk_iommu fdb90480.iommu: version = 2
[    1.327578] rk_iommu fdba0800.iommu: version = 2
[    1.327716] rk_iommu fdba4800.iommu: version = 2
[    1.327846] rk_iommu fdba8800.iommu: version = 2
[    1.327977] rk_iommu fdbac800.iommu: version = 2
[    1.328107] rk_iommu fdbb0800.iommu: version = 2
[    1.328238] rk_iommu fdbdf000.iommu: version = 2
[    1.328384] rk_iommu fdbef000.iommu: version = 2
[    1.328561] rk_iommu fdc38700.iommu: version = 2
[    1.328747] rk_iommu fdc48700.iommu: version = 2
[    1.328880] rk_iommu fdce0800.iommu: version = 2
[    1.328961] rk_iommu fdd97e00.iommu: version = 2
[    1.329188] SCSI subsystem initialized
[    1.329202] libata version 3.00 loaded.
[    1.329249] usbcore: registered new interface driver usbfs
[    1.329260] usbcore: registered new interface driver hub
[    1.329273] usbcore: registered new device driver usb
[    1.329393] mc: Linux media interface: v0.10
[    1.329402] videodev: Linux video capture interface: v2.00
[    1.329418] pps_core: LinuxPPS API ver. 1 registered
[    1.329422] pps_core: Software ver. 5.3.6 - Copyright 2005-2007 Rodolfo Giometti <giometti@linux.it>
[    1.329427] PTP clock support registered
[    1.329596] arm-scmi firmware:scmi: SCMI Notifications - Core Enabled.
[    1.329628] arm-scmi firmware:scmi: SCMI Protocol v2.0 'rockchip:' Firmware version 0x0
[    1.330329] Advanced Linux Sound Architecture Driver Initialized.
[    1.330475] Bluetooth: Core ver 2.22
[    1.330489] NET: Registered protocol family 31
[    1.330492] Bluetooth: HCI device and connection manager initialized
[    1.330497] Bluetooth: HCI socket layer initialized
[    1.330502] Bluetooth: L2CAP socket layer initialized
[    1.330508] Bluetooth: SCO socket layer initialized
[    1.331756] rockchip-cpuinfo cpuinfo: SoC\x09\x09: 35880000
[    1.331761] rockchip-cpuinfo cpuinfo: Serial\x09\x09: 127de2b3da96f842
[    1.331996] clocksource: Switched to clocksource arch_sys_counter
[    1.357340] VFS: Disk quotas dquot_6.6.0
[    1.357367] VFS: Dquot-cache hash table entries: 512 (order 0, 4096 bytes)
[    1.357741] NET: Registered protocol family 2
[    1.357942] IP idents hash table entries: 131072 (order: 8, 1048576 bytes, linear)
[    1.359479] tcp_listen_portaddr_hash hash table entries: 4096 (order: 4, 65536 bytes, linear)
[    1.359563] TCP established hash table entries: 65536 (order: 7, 524288 bytes, linear)
[    1.359837] TCP bind hash table entries: 65536 (order: 8, 1048576 bytes, linear)
[    1.360395] TCP: Hash tables configured (established 65536 bind 65536)
[    1.360447] UDP hash table entries: 4096 (order: 5, 131072 bytes, linear)
[    1.360555] UDP-Lite hash table entries: 4096 (order: 5, 131072 bytes, linear)
[    1.360706] NET: Registered protocol family 1
[    1.360961] PCI: CLS 0 bytes, default 64
[    1.361668] hw perfevents: enabled with armv8_pmuv3 PMU driver, 7 counters available
[    1.364085] Initialise system trusted keyrings
[    1.364181] workingset: timestamp_bits=46 max_order=21 bucket_order=0
[    1.365438] utf8_selftest: All 154 tests passed
[    1.365443] fuse: init (API version 7.32)
[    1.382006] Key type asymmetric registered
[    1.382017] Asymmetric key parser 'x509' registered
[    1.382031] Block layer SCSI generic (bsg) driver version 0.4 loaded (major 242)
[    1.382036] io scheduler mq-deadline registered
[    1.382042] io scheduler kyber registered
[    1.382078] io scheduler bfq registered
[    1.382475] rockchip-csi2-dphy-hw fedc0000.csi2-dphy0-hw: csi2 dphy hw probe successfully!
[    1.382649] rockchip-csi2-dphy csi2-dphy0: csi2 dphy0 probe successfully!
[    1.385543] rockchip-usb2phy fd5dc000.syscon:usb2-phy@c000: failed to create phy
[    1.386060] rockchip-usb2phy fd5d4000.syscon:usb2-phy@4000: failed to create phy
[    1.387791] rockchip-hdptx-phy-hdmi fed60000.hdmiphy: hdptx phy init success
[    1.388448] rockchip-hdptx-phy-hdmi fed70000.hdmiphy: hdptx phy init success
[    1.390104] rk-pcie fe180000.pcie: invalid prsnt-gpios property in node
[    1.390135] rk-pcie fe180000.pcie: no vpcie3v3 regulator found
[    1.390186] rk-pcie fe150000.pcie: invalid prsnt-gpios property in node
[    1.390196] rk-pcie fe150000.pcie: no vpcie3v3 regulator found
[    1.390363] rk-pcie fe170000.pcie: invalid prsnt-gpios property in node
[    1.390374] rk-pcie fe170000.pcie: no vpcie3v3 regulator found
[    1.390559] rk-pcie fe170000.pcie: missing legacy IRQ resource
[    1.390567] rk-pcie fe170000.pcie: IRQ msi not found
[    1.390571] rk-pcie fe170000.pcie: use outband MSI support
[    1.390574] rk-pcie fe170000.pcie: Missing *config* reg space
[    1.390580] rk-pcie fe170000.pcie: host bridge /pcie@fe170000 ranges:
[    1.390597] rk-pcie fe170000.pcie:      err 0x00f2000000..0x00f20fffff -> 0x00f2000000
[    1.390607] rk-pcie fe170000.pcie:       IO 0x00f2100000..0x00f21fffff -> 0x00f2100000
[    1.390619] rk-pcie fe170000.pcie:      MEM 0x00f2200000..0x00f2ffffff -> 0x00f2200000
[    1.390626] rk-pcie fe170000.pcie:      MEM 0x0980000000..0x09bfffffff -> 0x0980000000
[    1.390647] rk-pcie fe170000.pcie: Missing *config* reg space
[    1.390653] iep: Module initialized.
[    1.390669] rk-pcie fe170000.pcie: invalid resource
[    1.390681] mpp_service mpp-srv: 2797eedc4f56 author: Simon Xue 2022-03-21 video: rockchip: mpp: enable pd/clk by av1dec_bus
[    1.390686] mpp_service mpp-srv: probe start
[    1.391736] mpp_vdpu2 fdb50400.vdpu: Adding to iommu group 1
[    1.391925] mpp_vdpu2 fdb50400.vdpu: probe device
[    1.392022] mpp_vdpu2 fdb50400.vdpu: reset group is empty!
[    1.392026] vdpu_init:498: No aclk reset resource define
[    1.392030] mpp_vdpu2 fdb50400.vdpu: reset group is empty!
[    1.392033] vdpu_init:501: No hclk reset resource define
[    1.392109] mpp_vdpu2 fdb50400.vdpu: probing finish
[    1.392248] mpp_vepu2 jpege-ccu: probing start
[    1.392253] mpp_vepu2 jpege-ccu: probing finish
[    1.392338] mpp_vepu2 fdba0000.jpege-core: Adding to iommu group 5
[    1.392411] mpp_vepu2 fdba0000.jpege-core: probing start
[    1.392499] mpp_vepu2 fdba0000.jpege-core: attach ccu success
[    1.392560] mpp_vepu2 fdba0000.jpege-core: probing finish
[    1.392614] mpp_vepu2 fdba4000.jpege-core: Adding to iommu group 6
[    1.392686] mpp_vepu2 fdba4000.jpege-core: probing start
[    1.392776] mpp_vepu2 fdba4000.jpege-core: attach ccu success
[    1.392844] mpp_vepu2 fdba4000.jpege-core: probing finish
[    1.392890] mpp_vepu2 fdba8000.jpege-core: Adding to iommu group 7
[    1.392963] mpp_vepu2 fdba8000.jpege-core: probing start
[    1.393051] mpp_vepu2 fdba8000.jpege-core: attach ccu success
[    1.393114] mpp_vepu2 fdba8000.jpege-core: probing finish
[    1.393174] mpp_vepu2 fdbac000.jpege-core: Adding to iommu group 8
[    1.393248] mpp_vepu2 fdbac000.jpege-core: probing start
[    1.393338] mpp_vepu2 fdbac000.jpege-core: attach ccu success
[    1.393402] mpp_vepu2 fdbac000.jpege-core: probing finish
[    1.393595] mpp-iep2 fdbb0000.iep: Adding to iommu group 9
[    1.393670] mpp-iep2 fdbb0000.iep: probe device
[    1.393776] mpp-iep2 fdbb0000.iep: allocate roi buffer failed
[    1.393836] mpp-iep2 fdbb0000.iep: probing finish
[    1.393979] mpp_jpgdec fdb90000.jpegd: Adding to iommu group 4
[    1.394117] mpp_jpgdec fdb90000.jpegd: probe device
[    1.394258] mpp_jpgdec fdb90000.jpegd: probing finish
[    1.394513] mpp_rkvdec2 fdc30000.rkvdec-ccu: rkvdec-ccu, probing start
[    1.394559] mpp_rkvdec2 fdc30000.rkvdec-ccu: probing finish
[    1.394631] mpp_rkvdec2 fdc38100.rkvdec-core: Adding to iommu group 12
[    1.394830] mpp_rkvdec2 fdc38100.rkvdec-core: rkvdec-core, probing start
[    1.394926] mpp_rkvdec2 fdc38100.rkvdec-core: shared_niu_a is not found!
[    1.394930] rkvdec2_init:697: No niu aclk reset resource define
[    1.394934] mpp_rkvdec2 fdc38100.rkvdec-core: shared_niu_h is not found!
[    1.394937] rkvdec2_init:700: No niu hclk reset resource define
[    1.394976] mpp_rkvdec2 fdc38100.rkvdec-core: core_mask=00010001
[    1.394980] mpp_rkvdec2 fdc38100.rkvdec-core: attach ccu as core 0
[    1.395083] mpp_rkvdec2 fdc38100.rkvdec-core: sram_start 0x00000000fd600000
[    1.395087] mpp_rkvdec2 fdc38100.rkvdec-core: rcb_iova 0x0000000010000000
[    1.395091] mpp_rkvdec2 fdc38100.rkvdec-core: sram_size 524288
[    1.395095] mpp_rkvdec2 fdc38100.rkvdec-core: rcb_size 1048576
[    1.395099] mpp_rkvdec2 fdc38100.rkvdec-core: min_width 512
[    1.395120] mpp_rkvdec2 fdc38100.rkvdec-core: probing finish
[    1.395183] mpp_rkvdec2 fdc48100.rkvdec-core: Adding to iommu group 13
[    1.395368] mpp_rkvdec2 fdc48100.rkvdec-core: rkvdec-core, probing start
[    1.395462] mpp_rkvdec2 fdc48100.rkvdec-core: shared_niu_a is not found!
[    1.395466] rkvdec2_init:697: No niu aclk reset resource define
[    1.395470] mpp_rkvdec2 fdc48100.rkvdec-core: shared_niu_h is not found!
[    1.395473] rkvdec2_init:700: No niu hclk reset resource define
[    1.395499] mpp_rkvdec2 fdc48100.rkvdec-core: core_mask=00020002
[    1.395523] mpp_rkvdec2 fdc48100.rkvdec-core: attach ccu as core 1
[    1.395626] mpp_rkvdec2 fdc48100.rkvdec-core: sram_start 0x00000000fd680000
[    1.395630] mpp_rkvdec2 fdc48100.rkvdec-core: rcb_iova 0x0000000010100000
[    1.395633] mpp_rkvdec2 fdc48100.rkvdec-core: sram_size 524288
[    1.395637] mpp_rkvdec2 fdc48100.rkvdec-core: rcb_size 1048576
[    1.395641] mpp_rkvdec2 fdc48100.rkvdec-core: min_width 512
[    1.395662] mpp_rkvdec2 fdc48100.rkvdec-core: probing finish
[    1.395807] mpp_rkvenc2 rkvenc-ccu: probing start
[    1.395812] mpp_rkvenc2 rkvenc-ccu: probing finish
[    1.395896] mpp_rkvenc2 fdbd0000.rkvenc-core: Adding to iommu group 10
[    1.396046] mpp_rkvenc2 fdbd0000.rkvenc-core: probing start
[    1.396059] mpp_rkvenc2 fdbd0000.rkvenc-core: link mode task capacity 8
[    1.396173] mpp_rkvenc2 fdbd0000.rkvenc-core: attach ccu as core 0
[    1.396249] mpp_rkvenc2 fdbd0000.rkvenc-core: probing finish
[    1.396300] mpp_rkvenc2 fdbe0000.rkvenc-core: Adding to iommu group 11
[    1.396474] mpp_rkvenc2 fdbe0000.rkvenc-core: probing start
[    1.396487] mpp_rkvenc2 fdbe0000.rkvenc-core: link mode task capacity 8
[    1.396615] mpp_rkvenc2 fdbe0000.rkvenc-core: attach ccu as core 1
[    1.396680] mpp_rkvenc2 fdbe0000.rkvenc-core: probing finish
[    1.397043] Adding child /av1d@fdc70000
[    1.397210] register device av1d-master
[    1.397223] mpp_av1dec av1d-master: av1_iommu_of_xlate,756
[    1.397238] av1_iommu_probe_device,714, consumer : av1d-master, supplier : fdca0000.iommu
[    1.397244] mpp_av1dec av1d-master: Adding to iommu group 16
[    1.397450] mpp_av1dec av1d-master: probing start
[    1.397611] mpp_av1dec av1d-master: probing finish
[    1.397637] mpp_service mpp-srv: probe success
[    1.401346] rk-pcie fe150000.pcie: missing legacy IRQ resource
[    1.401354] rk-pcie fe150000.pcie: IRQ msi not found
[    1.401358] rk-pcie fe150000.pcie: use outband MSI support
[    1.401361] rk-pcie fe150000.pcie: Missing *config* reg space
[    1.401367] rk-pcie fe150000.pcie: host bridge /pcie@fe150000 ranges:
[    1.401377] rk-pcie fe150000.pcie:      err 0x00f0000000..0x00f00fffff -> 0x00f0000000
[    1.401381] rk-pcie fe180000.pcie: missing legacy IRQ resource
[    1.401390] rk-pcie fe150000.pcie:       IO 0x00f0100000..0x00f01fffff -> 0x00f0100000
[    1.401393] rk-pcie fe180000.pcie: IRQ msi not found
[    1.401397] rk-pcie fe180000.pcie: use outband MSI support
[    1.401403] rk-pcie fe180000.pcie: Missing *config* reg space
[    1.401410] rk-pcie fe150000.pcie:      MEM 0x00f0200000..0x00f0ffffff -> 0x00f0200000
[    1.401416] rk-pcie fe180000.pcie: host bridge /pcie@fe180000 ranges:
[    1.401424] rk-pcie fe150000.pcie:      MEM 0x0900000000..0x093fffffff -> 0x0900000000
[    1.401434] rk-pcie fe180000.pcie:      err 0x00f3000000..0x00f30fffff -> 0x00f3000000
[    1.401447] rk-pcie fe150000.pcie: Missing *config* reg space
[    1.401455] rk-pcie fe180000.pcie:       IO 0x00f3100000..0x00f31fffff -> 0x00f3100000
[    1.401471] rk-pcie fe150000.pcie: invalid resource
[    1.401476] rk-pcie fe180000.pcie:      MEM 0x00f3200000..0x00f3ffffff -> 0x00f3200000
[    1.401485] rk-pcie fe180000.pcie:      MEM 0x09c0000000..0x09ffffffff -> 0x09c0000000
[    1.401518] rk-pcie fe180000.pcie: Missing *config* reg space
[    1.401549] rk-pcie fe180000.pcie: invalid resource
[    1.404490] dma-pl330 fea10000.dma-controller: Loaded driver for PL330 DMAC-241330
[    1.404499] dma-pl330 fea10000.dma-controller: \x09DBUFF-128x8bytes Num_Chans-8 Num_Peri-32 Num_Events-16
[    1.405202] dma-pl330 fea30000.dma-controller: Loaded driver for PL330 DMAC-241330
[    1.405209] dma-pl330 fea30000.dma-controller: \x09DBUFF-128x8bytes Num_Chans-8 Num_Peri-32 Num_Events-16
[    1.405933] dma-pl330 fed10000.dma-controller: Loaded driver for PL330 DMAC-241330
[    1.405940] dma-pl330 fed10000.dma-controller: \x09DBUFF-128x8bytes Num_Chans-8 Num_Peri-32 Num_Events-16
[    1.406762] rockchip-pvtm fda40000.pvtm: pvtm@0 probed
[    1.406809] rockchip-pvtm fda50000.pvtm: pvtm@1 probed
[    1.406853] rockchip-pvtm fda60000.pvtm: pvtm@2 probed
[    1.406890] rockchip-pvtm fdaf0000.pvtm: pvtm@3 probed
[    1.406926] rockchip-pvtm fdb30000.pvtm: pvtm@4 probed
[    1.407309] rockchip-system-monitor rockchip-system-monitor: system monitor probe
[    1.407994] Serial: 8250/16550 driver, 10 ports, IRQ sharing disabled
[    1.408515] feb40000.serial: ttyS1 at MMIO 0xfeb40000 (irq = 87, base_baud = 1500000) is a 16550A
[    1.408759] feb90000.serial: ttyS6 at MMIO 0xfeb90000 (irq = 88, base_baud = 1500000) is a 16550A
[    1.409239] random: fast init done
[    1.409290] random: crng init done
[    1.409943] rockchip-vop2 fdd90000.vop: Adding to iommu group 15
[    1.423536] brd: module loaded
[    1.428556] loop: module loaded
[    1.428745] zram: Added device: zram0
[    1.428856] system_heap: orders[0] = 6
[    1.428862] system_heap: orders[1] = 4
[    1.428866] system_heap: orders[2] = 0
[    1.429213] SCSI Media Changer driver v0.25 
[    1.429801] ahci fe210000.sata: supply ahci not found, using dummy regulator
[    1.429860] ahci fe210000.sata: supply phy not found, using dummy regulator
[    1.429973] ahci fe210000.sata: supply target not found, using dummy regulator
[    1.430044] ahci fe210000.sata: forcing port_map 0x0 -> 0x1
[    1.430065] ahci fe210000.sata: AHCI 0001.0300 32 slots 1 ports 6 Gbps 0x1 impl platform mode
[    1.430072] ahci fe210000.sata: flags: ncq sntf pm led clo only pmp fbs pio slum part ccc apst 
[    1.430081] ahci fe210000.sata: port 0 can do FBS, forcing FBSCP
[    1.430835] scsi host0: ahci
[    1.430951] ata1: SATA max UDMA/133 mmio [mem 0xfe210000-0xfe210fff] port 0x100 irq 74
[    1.431903] rockchip-spi feb20000.spi: no high_speed pinctrl state
[    1.432924] rk806 spi2.0: chip id: RK806,ver:0x2, 0x0
[    1.433140] rk806 spi2.0: ON: 0x40 OFF:0x0
[    1.434820] vdd_gpu_s0: supplied by vcc5v0_sys
[    1.435254] vdd_npu_s0: supplied by vcc5v0_sys
[    1.435663] vdd_log_s0: supplied by vcc5v0_sys
[    1.436001] vdd_vdenc_s0: supplied by vcc5v0_sys
[    1.436339] vdd_gpu_mem_s0: supplied by vcc5v0_sys
[    1.436737] vdd_npu_mem_s0: supplied by vcc5v0_sys
[    1.437135] vdd_2v0_pldo_s3: supplied by vcc5v0_sys
[    1.437475] vdd_vdenc_mem_s0: supplied by vcc5v0_sys
[    1.437703] vdd2_ddr_s3: supplied by vcc5v0_sys
[    1.438261] vcc_1v1_nldo_s3: supplied by vcc5v0_sys
[    1.438608] vdd_0v75_s3: supplied by vcc5v0_sys
[    1.438957] vdd2l_0v9_ddr_s3: supplied by vcc5v0_sys
[    1.439239] vdd_0v75_hdmi_edp_s0: supplied by vcc5v0_sys
[    1.439548] avdd_0v75_s0: supplied by vcc_1v1_nldo_s3
[    1.439836] vdd_0v85_s0: supplied by vcc_1v1_nldo_s3
[    1.440249] avcc_1v8_s0: supplied by vdd_2v0_pldo_s3
[    1.440605] vdd1_1v8_ddr_s3: supplied by vdd_2v0_pldo_s3
[    1.440887] avcc_1v8_codec_s0: supplied by vdd_2v0_pldo_s3
[    1.441177] vcc_3v3_s3: supplied by vcc5v0_sys
[    1.441459] vccio_sd_s0: supplied by vcc5v0_sys
[    1.441746] vccio_1v8_s3: supplied by vcc5v0_sys
[    1.442034] rk806 spi2.0: no sleep-setting state
[    1.442040] rk806 spi2.0: no reset-setting pinctrl state
[    1.442044] rk806 spi2.0: no dvs-setting pinctrl state
[    1.443922] rk806 spi2.1: chip id: RK806,ver:0x2, 0x0
[    1.444093] rk806 spi2.1: ON: 0x40 OFF:0x0
[    1.444099] rk806 spi2.1: low_voltage_threshold missing!
[    1.444103] rk806 spi2.1: shutdown_voltage_threshold missing!
[    1.444108] rk806 spi2.1: shutdown_temperture_threshold missing!
[    1.444113] rk806 spi2.1: hotdie_temperture_threshold missing!
[    1.445534] vdd_cpu_big1_s0: supplied by vcc5v0_sys
[    1.445959] vdd_cpu_big0_s0: supplied by vcc5v0_sys
[    1.446307] vdd_cpu_lit_s0: supplied by vcc5v0_sys
[    1.446654] vcc_3v3_s0: supplied by vcc5v0_sys
[    1.446994] vdd_cpu_big1_mem_s0: supplied by vcc5v0_sys
[    1.447395] vdd_cpu_big0_mem_s0: supplied by vcc5v0_sys
[    1.447733] vcc_1v8_s0: supplied by vcc5v0_sys
[    1.448077] vdd_cpu_lit_mem_s0: supplied by vcc5v0_sys
[    1.448353] vddq_ddr_s0: supplied by vcc5v0_sys
[    1.448924] vdd_ddr_s0: supplied by vcc5v0_sys
[    1.449265] vdd_0v75_pll_s0: supplied by vcc_1v1_nldo_s3
[    1.449614] vdd_ddr_pll_s0: supplied by vcc_1v1_nldo_s3
[    1.449899] avdd_0v85_s0: supplied by vcc_1v1_nldo_s3
[    1.450133] avdd_1v2_cam_s0: supplied by vdd_2v0_pldo_s3
[    1.450422] avdd_1v2_s0: supplied by vdd_2v0_pldo_s3
[    1.450775] vcc_1v8_cam_s0: supplied by vdd_2v0_pldo_s3
[    1.451119] avdd1v8_ddr_pll_s0: supplied by vdd_2v0_pldo_s3
[    1.451399] vdd_1v8_pll_s0: supplied by vdd_2v0_pldo_s3
[    1.451676] vcc_3v3_sd_s0: supplied by vcc5v0_sys
[    1.451907] vcc_2v8_cam_s0: supplied by vcc5v0_sys
[    1.452211] pldo6_s3: supplied by vcc5v0_sys
[    1.452398] rk806 spi2.1: no power-off pinctrl state
[    1.452403] rk806 spi2.1: no sleep-setting state
[    1.452407] rk806 spi2.1: no reset-setting pinctrl state
[    1.452411] rk806 spi2.1: no dvs-setting pinctrl state
[    1.453339] libphy: Fixed MDIO Bus: probed
[    1.453389] tun: Universal TUN/TAP device driver, 1.6
[    1.454175] rk_gmac-dwmac fe1b0000.ethernet: IRQ eth_lpi not found
[    1.454405] rk_gmac-dwmac fe1b0000.ethernet: no regulator found
[    1.454411] rk_gmac-dwmac fe1b0000.ethernet: clock input or output? (output).
[    1.454417] rk_gmac-dwmac fe1b0000.ethernet: TX delay(0x41).
[    1.454422] rk_gmac-dwmac fe1b0000.ethernet: Can not read property: rx_delay.
[    1.454426] rk_gmac-dwmac fe1b0000.ethernet: set rx_delay to 0xffffffff
[    1.454439] rk_gmac-dwmac fe1b0000.ethernet: integrated PHY? (no).
[    1.454446] rk_gmac-dwmac fe1b0000.ethernet: cannot get clock mac_clk_rx
[    1.454451] rk_gmac-dwmac fe1b0000.ethernet: cannot get clock mac_clk_tx
[    1.454461] rk_gmac-dwmac fe1b0000.ethernet: cannot get clock clk_mac_speed
[    1.454675] rk_gmac-dwmac fe1b0000.ethernet: init for RGMII_RXID
[    1.454794] rk_gmac-dwmac fe1b0000.ethernet: User ID: 0x30, Synopsys ID: 0x51
[    1.454800] rk_gmac-dwmac fe1b0000.ethernet: \x09DWMAC4/5
[    1.454805] rk_gmac-dwmac fe1b0000.ethernet: DMA HW capability register supported
[    1.454810] rk_gmac-dwmac fe1b0000.ethernet: RX Checksum Offload Engine supported
[    1.454815] rk_gmac-dwmac fe1b0000.ethernet: TX Checksum insertion supported
[    1.454819] rk_gmac-dwmac fe1b0000.ethernet: Wake-Up On Lan supported
[    1.454848] rk_gmac-dwmac fe1b0000.ethernet: TSO supported
[    1.454853] rk_gmac-dwmac fe1b0000.ethernet: Enable RX Mitigation via HW Watchdog Timer
[    1.454858] rk_gmac-dwmac fe1b0000.ethernet: Enabled Flow TC (entries=2)
[    1.454862] rk_gmac-dwmac fe1b0000.ethernet: TSO feature enabled
[    1.454867] rk_gmac-dwmac fe1b0000.ethernet: SPH feature enabled
[    1.454871] rk_gmac-dwmac fe1b0000.ethernet: Using 32 bits DMA width
[    1.585333] libphy: stmmac: probed
[    1.586012] PPP generic driver version 2.4.2
[    1.586075] PPP BSD Compression module registered
[    1.586081] PPP Deflate Compression module registered
[    1.586094] PPP MPPE Compression module registered
[    1.586099] NET: Registered protocol family 24
[    1.586111] PPTP driver version 0.8.5
[    1.586277] usbcore: registered new interface driver catc
[    1.586292] usbcore: registered new interface driver kaweth
[    1.586296] pegasus: v0.9.3 (2013/04/25), Pegasus/Pegasus II USB Ethernet driver
[    1.586310] usbcore: registered new interface driver pegasus
[    1.586323] usbcore: registered new interface driver rtl8150
[    1.586339] usbcore: registered new interface driver r8152
[    1.586342] hso: drivers/net/usb/hso.c: Option Wireless
[    1.586365] usbcore: registered new interface driver hso
[    1.586380] usbcore: registered new interface driver asix
[    1.586393] usbcore: registered new interface driver ax88179_178a
[    1.586406] usbcore: registered new interface driver cdc_ether
[    1.586420] usbcore: registered new interface driver cdc_eem
[    1.586432] usbcore: registered new interface driver dm9601
[    1.586450] usbcore: registered new interface driver smsc75xx
[    1.586465] usbcore: registered new interface driver smsc95xx
[    1.586478] usbcore: registered new interface driver gl620a
[    1.586491] usbcore: registered new interface driver net1080
[    1.586504] usbcore: registered new interface driver plusb
[    1.586517] usbcore: registered new interface driver rndis_host
[    1.586531] usbcore: registered new interface driver cdc_subset
[    1.586544] usbcore: registered new interface driver zaurus
[    1.586557] usbcore: registered new interface driver MOSCHIP usb-ethernet driver
[    1.586572] usbcore: registered new interface driver int51x1
[    1.586584] usbcore: registered new interface driver kalmia
[    1.586597] usbcore: registered new interface driver ipheth
[    1.586612] usbcore: registered new interface driver sierra_net
[    1.586625] usbcore: registered new interface driver cx82310_eth
[    1.586641] usbcore: registered new interface driver cdc_ncm
[    1.586654] usbcore: registered new interface driver qmi_wwan
[    1.586667] usbcore: registered new interface driver cdc_mbim
[    1.596443] rk-pcie fe170000.pcie: PCIe Linking... LTSSM is 0x3
[    1.606447] rk-pcie fe150000.pcie: PCIe Linking... LTSSM is 0x0
[    1.606472] rk-pcie fe180000.pcie: PCIe Linking... LTSSM is 0x3
[    1.622000] rk-pcie fe170000.pcie: PCIe Linking... LTSSM is 0x3
[    1.632001] rk-pcie fe150000.pcie: PCIe Linking... LTSSM is 0x0
[    1.648666] rk-pcie fe170000.pcie: PCIe Linking... LTSSM is 0x3
[    1.658666] rk-pcie fe150000.pcie: PCIe Linking... LTSSM is 0x0
[    1.675332] rk-pcie fe170000.pcie: PCIe Linking... LTSSM is 0x3
[    1.685333] rk-pcie fe150000.pcie: PCIe Linking... LTSSM is 0x0
[    1.688688] rk-pcie fe180000.pcie: PCIe Link up, LTSSM is 0x30011
[    1.688876] rk-pcie fe180000.pcie: PCI host bridge to bus 0003:30
[    1.688893] pci_bus 0003:30: root bus resource [bus 30-3f]
[    1.688906] pci_bus 0003:30: root bus resource [??? 0xf3000000-0xf30fffff flags 0x0]
[    1.688924] pci_bus 0003:30: root bus resource [io  0x200000-0x2fffff] (bus address [0xf3100000-0xf31fffff])
[    1.688936] pci_bus 0003:30: root bus resource [mem 0xf3200000-0xf3ffffff]
[    1.688948] pci_bus 0003:30: root bus resource [mem 0x9c0000000-0x9ffffffff pref]
[    1.688988] pci 0003:30:00.0: [1d87:3588] type 01 class 0x060400
[    1.689018] pci 0003:30:00.0: reg 0x38: [mem 0x00000000-0x0000ffff pref]
[    1.689084] pci 0003:30:00.0: supports D1 D2
[    1.689096] pci 0003:30:00.0: PME# supported from D0 D1 D3hot
[    1.700883] pci 0003:30:00.0: Primary bus is hard wired to 0
[    1.700909] pci 0003:30:00.0: bridge configuration invalid ([bus 01-ff]), reconfiguring
[    1.701126] pci 0003:31:00.0: [10ec:8168] type 00 class 0x020000
[    1.701203] pci 0003:31:00.0: reg 0x10: [io  0x0000-0x00ff]
[    1.701292] pci 0003:31:00.0: reg 0x18: [mem 0x00000000-0x00000fff 64bit]
[    1.701354] pci 0003:31:00.0: reg 0x20: [mem 0x00000000-0x00003fff 64bit pref]
[    1.701776] pci 0003:31:00.0: supports D1 D2
[    1.701787] pci 0003:31:00.0: PME# supported from D0 D1 D2 D3hot D3cold
[    1.701998] rk-pcie fe170000.pcie: PCIe Linking... LTSSM is 0x3
[    1.723339] pci_bus 0003:31: busn_res: [bus 31-3f] end is updated to 31
[    1.723382] pci 0003:30:00.0: BAR 8: assigned [mem 0xf3200000-0xf32fffff]
[    1.723398] pci 0003:30:00.0: BAR 9: assigned [mem 0x9c0000000-0x9c00fffff 64bit pref]
[    1.723412] pci 0003:30:00.0: BAR 6: assigned [mem 0xf3300000-0xf330ffff pref]
[    1.723425] pci 0003:30:00.0: BAR 7: assigned [io  0x200000-0x200fff]
[    1.723442] pci 0003:31:00.0: BAR 4: assigned [mem 0x9c0000000-0x9c0003fff 64bit pref]
[    1.723496] pci 0003:31:00.0: BAR 2: assigned [mem 0xf3200000-0xf3200fff 64bit]
[    1.723547] pci 0003:31:00.0: BAR 0: assigned [io  0x200000-0x2000ff]
[    1.723570] pci 0003:30:00.0: PCI bridge to [bus 31]
[    1.723582] pci 0003:30:00.0:   bridge window [io  0x200000-0x200fff]
[    1.723595] pci 0003:30:00.0:   bridge window [mem 0xf3200000-0xf32fffff]
[    1.723608] pci 0003:30:00.0:   bridge window [mem 0x9c0000000-0x9c00fffff 64bit pref]
[    1.726156] pcieport 0003:30:00.0: PME: Signaling with IRQ 148
[    1.745379] ata1: SATA link down (SStatus 0 SControl 300)
[    1.779558] ehci_hcd: USB 2.0 'Enhanced' Host Controller (EHCI) Driver
[    1.779564] ehci-pci: EHCI PCI platform driver
[    1.779592] ehci-platform: EHCI generic platform driver
[    1.781985] ehci-platform fc800000.usb: EHCI Host Controller
[    1.782060] ehci-platform fc800000.usb: new USB bus registered, assigned bus number 1
[    1.782115] ehci-platform fc800000.usb: irq 20, io mem 0xfc800000
[    1.795337] ehci-platform fc800000.usb: USB 2.0 started, EHCI 1.00
[    1.795397] usb usb1: New USB device found, idVendor=1d6b, idProduct=0002, bcdDevice= 5.10
[    1.795403] usb usb1: New USB device strings: Mfr=3, Product=2, SerialNumber=1
[    1.795408] usb usb1: Product: EHCI Host Controller
[    1.795412] usb usb1: Manufacturer: Linux 5.10.66 ehci_hcd
[    1.795417] usb usb1: SerialNumber: fc800000.usb
[    1.795593] hub 1-0:1.0: USB hub found
[    1.795606] hub 1-0:1.0: 1 port detected
[    1.795918] ohci_hcd: USB 1.1 'Open' Host Controller (OHCI) Driver
[    1.795928] ohci-platform: OHCI generic platform driver
[    1.796046] ohci-platform fc840000.usb: Generic Platform OHCI controller
[    1.796107] ohci-platform fc840000.usb: new USB bus registered, assigned bus number 2
[    1.796147] ohci-platform fc840000.usb: irq 21, io mem 0xfc840000
[    1.856066] usb usb2: New USB device found, idVendor=1d6b, idProduct=0001, bcdDevice= 5.10
[    1.856073] usb usb2: New USB device strings: Mfr=3, Product=2, SerialNumber=1
[    1.856078] usb usb2: Product: Generic Platform OHCI controller
[    1.856082] usb usb2: Manufacturer: Linux 5.10.66 ohci_hcd
[    1.856086] usb usb2: SerialNumber: fc840000.usb
[    1.856249] hub 2-0:1.0: USB hub found
[    1.856263] hub 2-0:1.0: 1 port detected
[    1.856718] xhci-hcd xhci-hcd.7.auto: xHCI Host Controller
[    1.856777] xhci-hcd xhci-hcd.7.auto: new USB bus registered, assigned bus number 3
[    1.856843] xhci-hcd xhci-hcd.7.auto: hcc params 0x0220fe64 hci version 0x110 quirks 0x0000000002010010
[    1.856862] xhci-hcd xhci-hcd.7.auto: irq 149, io mem 0xfcd00000
[    1.856973] usb usb3: New USB device found, idVendor=1d6b, idProduct=0002, bcdDevice= 5.10
[    1.856979] usb usb3: New USB device strings: Mfr=3, Product=2, SerialNumber=1
[    1.856983] usb usb3: Product: xHCI Host Controller
[    1.856987] usb usb3: Manufacturer: Linux 5.10.66 xhci-hcd
[    1.856991] usb usb3: SerialNumber: xhci-hcd.7.auto
[    1.857145] hub 3-0:1.0: USB hub found
[    1.857159] hub 3-0:1.0: 1 port detected
[    1.857262] xhci-hcd xhci-hcd.7.auto: xHCI Host Controller
[    1.857318] xhci-hcd xhci-hcd.7.auto: new USB bus registered, assigned bus number 4
[    1.857326] xhci-hcd xhci-hcd.7.auto: Host supports USB 3.0 SuperSpeed
[    1.857349] usb usb4: We don't know the algorithms for LPM for this host, disabling LPM.
[    1.857386] usb usb4: New USB device found, idVendor=1d6b, idProduct=0003, bcdDevice= 5.10
[    1.857391] usb usb4: New USB device strings: Mfr=3, Product=2, SerialNumber=1
[    1.857395] usb usb4: Product: xHCI Host Controller
[    1.857399] usb usb4: Manufacturer: Linux 5.10.66 xhci-hcd
[    1.857404] usb usb4: SerialNumber: xhci-hcd.7.auto
[    1.857549] hub 4-0:1.0: USB hub found
[    1.857560] hub 4-0:1.0: 1 port detected
[    1.857711] usbcore: registered new interface driver cdc_acm
[    1.857716] cdc_acm: USB Abstract Control Model driver for USB modems and ISDN adapters
[    1.857736] usbcore: registered new interface driver usblp
[    1.857751] usbcore: registered new interface driver cdc_wdm
[    1.857827] usbcore: registered new interface driver uas
[    1.857860] usbcore: registered new interface driver usb-storage
[    1.857874] usbcore: registered new interface driver ums-alauda
[    1.857888] usbcore: registered new interface driver ums-cypress
[    1.857901] usbcore: registered new interface driver ums-datafab
[    1.857914] usbcore: registered new interface driver ums_eneub6250
[    1.857927] usbcore: registered new interface driver ums-freecom
[    1.857942] usbcore: registered new interface driver ums-isd200
[    1.857955] usbcore: registered new interface driver ums-jumpshot
[    1.857968] usbcore: registered new interface driver ums-karma
[    1.857982] usbcore: registered new interface driver ums-onetouch
[    1.857996] usbcore: registered new interface driver ums-sddr09
[    1.858010] usbcore: registered new interface driver ums-sddr55
[    1.858024] usbcore: registered new interface driver ums-usbat
[    1.858057] usbcore: registered new interface driver usbserial_generic
[    1.858066] usbserial: USB Serial support registered for generic
[    1.858080] usbcore: registered new interface driver option
[    1.858089] usbserial: USB Serial support registered for GSM modem (1-port)
[    1.858144] usbcore: registered new interface driver trancevibrator
[    1.858402] usbcore: registered new interface driver xpad
[    1.858421] usbcore: registered new interface driver usb_acecad
[    1.858438] usbcore: registered new interface driver aiptek
[    1.858453] usbcore: registered new interface driver gtco
[    1.858468] usbcore: registered new interface driver hanwang
[    1.858483] usbcore: registered new interface driver kbtab
[    1.858639] .. rk pwm remotectl v2.0 init
[    1.858756] input: febd0030.pwm as /devices/platform/febd0030.pwm/input/input0
[    1.858877] remotectl-pwm febd0030.pwm: pwm version is 0x2130000
[    1.858898] remotectl-pwm febd0030.pwm: Controller support pwrkey capture
[    1.860088] input: rk805 pwrkey as /devices/platform/feb20000.spi/spi_master/spi2/spi2.0/rk805-pwrkey.2.auto/input/input1
[    1.860181] rk805-pwrkey rk805-pwrkey.5.auto: device is disabled
[    1.860189] rk805-pwrkey: probe of rk805-pwrkey.5.auto failed with error -22
[    1.860290] i2c /dev entries driver
[    1.861887] rtc-hym8563 2-0051: rtc information is valid
[    1.863371] rtc-hym8563 2-0051: registered as rtc0
[    1.863650] rtc-hym8563 2-0051: setting system clock to 2026-07-07T15:36:38 UTC (1783438598)
[    1.866054] rkcifhw fdce0000.rkcif: Adding to iommu group 14
[    1.866276] rkcifhw fdce0000.rkcif: No reserved memory region assign to CIF
[    1.866361] rkcif rkcif-mipi-lvds2: Adding to iommu group 14
[    1.866372] rkcif rkcif-mipi-lvds2: rkcif driver version: v00.01.0a
[    1.866422] rkcif rkcif-mipi-lvds2: attach to cif hw node
[    1.866426] rkcif rkcif-mipi-lvds2: rkcif wait line 0
[    1.866432] : terminal subdev does not exist
[    1.866436] : terminal subdev does not exist
[    1.866439] : terminal subdev does not exist
[    1.866443] : terminal subdev does not exist
[    1.866448] : get_remote_sensor: video pad[0] is null
[    1.866452] : rkcif_update_sensor_info: stream[0] get remote sensor_sd failed!
[    1.866457] : get_remote_sensor: video pad[0] is null
[    1.866461] : rkcif_update_sensor_info: stream[0] get remote sensor_sd failed!
[    1.866464] : get_remote_sensor: video pad[0] is null
[    1.866468] : rkcif_update_sensor_info: stream[0] get remote sensor_sd failed!
[    1.866472] : get_remote_sensor: video pad[0] is null
[    1.866476] : rkcif_update_sensor_info: stream[0] get remote sensor_sd failed!
[    1.867635] rkcif rkcif-mipi-lvds2: Entity type for entity rockchip-mipi-csi2 was not initialized!
[    1.867643] rockchip-mipi-csi2: Async registered subdev
[    1.867656] rockchip-mipi-csi2: probe success, v4l2_dev:rkcif-mipi-lvds2!
[    1.869191] rk_hdmirx fdee0000.hdmirx-controller: No reserved memory for HDMIRX, use default CMA
[    1.869210] rk_hdmirx fdee0000.hdmirx-controller: hdmirx_probe: cpu_aff:0x400, Bound_cpu:4
[    1.869217] : hdmirx_runtime_resume: resume!
[    1.869563] : hdmirx_hpd_ctrl: disable, hpd_trigger_level:1
[    1.869691] rk_hdmirx fdee0000.hdmirx-controller: hdmirx_write_edid: Read EDID: ======
[    1.869813] 00 ff ff ff ff ff ff 00 49 70 88 35 01 00 00 00
[    1.869816] 2d 1f 01 03 80 78 44 78 0a cf 74 a3 57 4c b0 23
[    1.869820] 09 48 4c 21 08 00 61 40 01 01 81 00 95 00 a9 c0
[    1.869823] 01 01 01 01 01 01 08 e8 00 30 f2 70 5a 80 b0 58
[    1.869827] 8a 00 c4 8e 21 00 00 1e 02 3a 80 18 71 38 2d 40
[    1.869830] 58 2c 45 00 b9 a8 42 00 00 1e 00 00 00 fc 00 52
[    1.869834] 4b 2d 55 48 44 0a 20 20 20 20 20 20 00 00 00 fd
[    1.869837] 00 3b 46 1f 8c 3c 00 0a 20 20 20 20 20 20 01 a3
[    1.869841] 02 03 36 d2 51 07 16 14 05 01 03 12 13 84 22 1f
[    1.869844] 90 5d 5e 5f 60 61 23 09 07 07 83 01 00 00 66 03
[    1.869848] 0c 00 30 00 10 67 d8 5d c4 01 78 c8 07 e3 05 03
[    1.869851] 01 e4 0f 00 f0 01 08 e8 00 30 f2 70 5a 80 b0 58
[    1.869855] 8a 00 c4 8e 21 00 00 1e 02 3a 80 18 71 38 2d 40
[    1.869858] 58 2c 45 00 b9 a8 42 00 00 9e 00 00 00 00 00 00
[    1.869862] 00 00 00 00 00 00 00 00 00 00 00 00 00 00 00 00
[    1.869865] 00 00 00 00 00 00 00 00 00 00 00 00 00 00 00 b5
[    1.869876] rk_hdmirx fdee0000.hdmirx-controller: hdmirx_audio_interrupts_setup: 0
[    1.869915] : hdmirx_hdmi_irq_handler: hdmi irq not handled!
[    1.869918] : avp0:0x0, avp1:0x0, mu0:0x0, mu2:0x0, pk2:0x0, scdc:0x0
[    1.869927] : hdmirx_hdmi_irq_handler: en_fiq
[    1.870000] : mu0_st:0x4000000
[    1.870008] : hdmirx_hdmi_irq_handler: en_fiq
[    1.870560] rk_hdmirx fdee0000.hdmirx-controller: fdee0000.hdmirx-controller driver probe ok!
[    1.870645] usbcore: registered new interface driver uvcvideo
[    1.870650] USB Video Class driver (1.1.1)
[    1.871145] __power_supply_register: Expected proper parent device for 'test_ac'
[    1.871239] __power_supply_register: Expected proper parent device for 'test_battery'
[    1.871345] thermal thermal_zone7: power_allocator: sustainable_power will be estimated
[    1.871402] __power_supply_register: Expected proper parent device for 'test_usb'
[    1.871664] pwm_fan_probe start
[    1.871858] pwm_fan_probe end is:100
[    1.871872] change fan speed start
[    1.872042] open fan file error
[    1.872287] rockchip-thermal fec00000.tsadc: Missing rockchip,grf property
[    1.872681] rockchip-thermal fec00000.tsadc: tsadc is probed successfully!
[    1.872938] device-mapper: uevent: version 1.0.3
[    1.873024] device-mapper: ioctl: 4.44.0-ioctl (2021-02-01) initialised: dm-devel@redhat.com
[    1.873096] Bluetooth: HCI UART driver ver 2.3
[    1.873101] Bluetooth: HCI UART protocol H4 registered
[    1.873229] cpu cpu0: Failed to get cpu_leakage
[    1.874566] cpu cpu0: pvtm=1500
[    1.874639] cpu cpu0: pvtm-volt-sel=4
[    1.874812] cpu cpu4: Failed to get cpu_leakage
[    1.876112] cpu cpu4: pvtm=1727
[    1.876176] cpu cpu4: pvtm-volt-sel=3
[    1.876334] cpu cpu6: Failed to get cpu_leakage
[    1.877627] cpu cpu6: pvtm=1758
[    1.877685] cpu cpu6: pvtm-volt-sel=4
[    1.878303] cpu cpu0: avs=0
[    1.879009] cpu cpu4: avs=0
[    1.879598] cpu cpu6: avs=0
[    1.879723] cpu cpu0: EM: hertz/watts ratio non-monotonically decreasing: em_perf_state 3 >= em_perf_state2
[    1.879794] cpu cpu0: EM: created perf domain
[    1.879837] cpu cpu0: l=0 h=2147483647 hyst=5000 l_limit=0 h_limit=0 h_table=0
[    1.880236] cpu cpu4: EM: hertz/watts ratio non-monotonically decreasing: em_perf_state 2 >= em_perf_state1
[    1.880240] cpu cpu4: EM: hertz/watts ratio non-monotonically decreasing: em_perf_state 3 >= em_perf_state2
[    1.880243] cpu cpu4: EM: hertz/watts ratio non-monotonically decreasing: em_perf_state 5 >= em_perf_state4
[    1.880344] cpu cpu4: EM: created perf domain
[    1.880379] cpu cpu4: l=0 h=2147483647 hyst=5000 l_limit=0 h_limit=0 h_table=0
[    1.880810] cpu cpu6: EM: hertz/watts ratio non-monotonically decreasing: em_perf_state 2 >= em_perf_state1
[    1.880813] cpu cpu6: EM: hertz/watts ratio non-monotonically decreasing: em_perf_state 3 >= em_perf_state2
[    1.880816] cpu cpu6: EM: hertz/watts ratio non-monotonically decreasing: em_perf_state 5 >= em_perf_state4
[    1.880909] cpu cpu6: EM: created perf domain
[    1.881218] cpu cpu6: l=0 h=2147483647 hyst=5000 l_limit=0 h_limit=0 h_table=0
[    1.883241] sdhci: Secure Digital Host Controller Interface driver
[    1.883250] sdhci: Copyright(c) Pierre Ossman
[    1.883255] Synopsys Designware Multimedia Card Interface Driver
[    1.883724] sdhci-pltfm: SDHCI platform and OF driver helper
[    1.884943] arm-scmi firmware:scmi: Failed. SCMI protocol 17 not active.
[    1.884980] SMCCC: SOC_ID: ARCH_FEATURES(ARCH_SOC_ID) returned error: fffffffffffffffd
[    1.885573] cryptodev: driver 1.12 loaded.
[    1.885604] hid: raw HID events driver (C) Jiri Kosina
[    1.887237] usbcore: registered new interface driver usbhid
[    1.887244] usbhid: USB HID core driver
[    1.887380] ashmem: initialized
[    1.890362] optee: probing for conduit method.
[    1.890384] optee: revision 3.13 (8e053a88)
[    1.890633] optee: initialized driver
[    1.890808] rknandbase v1.2 2021-01-07
[    1.891176] usbcore: registered new interface driver snd-usb-audio
[    1.893777] rockchip-i2s-tdm: probe of fddc8000.i2s failed with error -2
[    1.894878] netem: version 1.3
[    1.894882] u32 classifier
[    1.894885] input device check on
[    1.894887] Actions configured
[    1.895277] xt_time: kernel timezone is -0000
[    1.895345] gre: GRE over IPv4 demultiplexor driver
[    1.895348] IPv4 over IPsec tunneling driver
[    1.895625] Initializing XFRM netlink socket
[    1.895632] IPsec XFRM device driver
[    1.895729] NET: Registered protocol family 10
[    1.896077] Segment Routing with IPv6
[    1.896107] mip6: Mobile IPv6
[    1.896304] sit: IPv6, IPv4 and MPLS over IPv4 tunneling driver
[    1.896531] NET: Registered protocol family 17
[    1.896538] NET: Registered protocol family 15
[    1.896554] Bridge firewalling registered
[    1.896647] Bluetooth: RFCOMM TTY layer initialized
[    1.896651] Bluetooth: RFCOMM socket layer initialized
[    1.896660] Bluetooth: RFCOMM ver 1.11
[    1.896665] Bluetooth: BNEP (Ethernet Emulation) ver 1.3
[    1.896668] Bluetooth: BNEP filters: protocol multicast
[    1.896672] Bluetooth: BNEP socket layer initialized
[    1.896674] Bluetooth: HIDP (Human Interface Emulation) ver 1.2
[    1.896678] Bluetooth: HIDP socket layer initialized
[    1.896684] l2tp_core: L2TP core driver, V2.0
[    1.896688] l2tp_ppp: PPPoL2TP kernel driver, V2.0
[    1.896691] [BT_RFKILL]: Enter rfkill_rk_init
[    1.896693] [WLAN_RFKILL]: Enter rfkill_wlan_init
[    1.896950] [WLAN_RFKILL]: Enter rfkill_wlan_probe
[    1.896962] [WLAN_RFKILL]: can't find rockchip,grf property
[    1.896965] [WLAN_RFKILL]: wlan_platdata_parse_dt: wifi_chip_type = ap6255
[    1.896968] [WLAN_RFKILL]: wlan_platdata_parse_dt: enable wifi power control.
[    1.896972] [WLAN_RFKILL]: wlan_platdata_parse_dt: wifi power controled by gpio.
[    1.896996] [WLAN_RFKILL]: wlan_platdata_parse_dt: WIFI,poweren_gpio = 105 flags = 0.
[    1.897006] [WLAN_RFKILL]: wlan_platdata_parse_dt: WIFI,host_wake_irq = 103, flags = 0.
[    1.897010] [WLAN_RFKILL]: wlan_platdata_parse_dt: The ref_wifi_clk not found !
[    1.897012] [WLAN_RFKILL]: rfkill_wlan_probe: init gpio
[    1.897015] [WLAN_RFKILL]: rfkill_set_wifi_bt_power: 1
[    1.897019] [WLAN_RFKILL]: Exit rfkill_wlan_probe
[    1.897230] [BT_RFKILL]: bluetooth_platdata_parse_dt: get property: uart_rts_gpios = 34.
[    1.897239] [BT_RFKILL]: bluetooth_platdata_parse_dt: get property: BT,reset_gpio = 41.
[    1.897244] [BT_RFKILL]: bluetooth_platdata_parse_dt: get property: BT,wake_gpio = 40.
[    1.897249] [BT_RFKILL]: bluetooth_platdata_parse_dt: get property: BT,wake_host_irq = 39.
[    1.897579] [BT_RFKILL]: Request irq for bt wakeup host
[    1.897610] [BT_RFKILL]: ** disable irq
[    1.897654] [BT_RFKILL]: bt_default device registered.
[    1.897982] registered taskstats version 1
[    1.897987] Loading compiled-in X.509 certificates
[    1.898022] Key type ._fscrypt registered
[    1.898025] Key type .fscrypt registered
[    1.898027] Key type fscrypt-provisioning registered
[    1.898133] pstore: Using crash dump compression: deflate
[    1.898240] rga3_core0 fdb60000.rga: Adding to iommu group 2
[    1.898335] rga: rga3_core0_irq, irq = 32, match scheduler
[    1.898536] rga: rga3_core0 driver loaded successfully ver:3.0.76831
[    1.898557] rga: rga3_core0 probe successfully
[    1.898690] rga3_core1 fdb70000.rga: Adding to iommu group 3
[    1.898772] rga: rga3_core1_irq, irq = 33, match scheduler
[    1.899041] rga: rga3_core1 driver loaded successfully ver:3.0.76831
[    1.899073] rga: rga3_core1 probe successfully
[    1.899283] rga: rga2_irq, irq = 34, match scheduler
[    1.899694] rga: rga2 driver loaded successfully ver:3.2.63318
[    1.899704] rga: rga2 probe successfully
[    1.900107] rga: Module initialized. v1.2.6
[    1.914598] pcie20_avdd0v85: supplied by avdd_0v85_s0
[    1.914937] pcie20_avdd1v8: supplied by avcc_1v8_s0
[    1.915038] mali fb000000.gpu: Kernel DDK version g11p0-01eac0
[    1.915224] pcie30_avdd0v75: supplied by avdd_0v75_s0
[    1.915401] mali fb000000.gpu: Failed to get gpu_leakage
[    1.915475] pcie30_avdd1v8: supplied by avcc_1v8_s0
[    1.915781] vcc3v3_sys: supplied by vcc5v0_sys
[    1.915856] mmc0: SDHCI controller on fe2e0000.mmc [fe2e0000.mmc] using ADMA
[    1.916179] vcc5v0_host: supplied by vcc5v0_sys
[    1.916593] vcc5v0_typec: supplied by vcc5v0_sys
[    1.916694] mali fb000000.gpu: pvtm=921
[    1.916741] mali fb000000.gpu: pvtm-volt-sel=4
[    1.917171] rockchip-dmc dmc: Failed to get ddr_leakage
[    1.917253] rockchip-dmc dmc: avs=0
[    1.917266] rockchip-dmc dmc: current ATF version 0x100
[    1.917471] mali fb000000.gpu: avs=0
[    1.917536] rockchip-dmc dmc: normal_rate = 1560000000
[    1.917546] rockchip-dmc dmc: reboot_rate = 2112000000
[    1.917553] rockchip-dmc dmc: suspend_rate = 528000000
[    1.917560] rockchip-dmc dmc: video_4k_rate = 1560000000
[    1.917568] rockchip-dmc dmc: video_4k_10b_rate = 1560000000
[    1.917575] rockchip-dmc dmc: boost_rate = 2112000000
[    1.917582] rockchip-dmc dmc: fixed_rate(isp|cif0|cif1|dualview) = 2112000000
[    1.917589] rockchip-dmc dmc: performance_rate = 2112000000
[    1.917599] rockchip-dmc dmc: failed to get vop bandwidth to dmc rate
[    1.917606] rockchip-dmc dmc: failed to get vop pn to msch rl
[    1.917719] rockchip-dmc dmc: l=-2147483648 h=2147483647 hyst=0 l_limit=0 h_limit=0 h_table=0
[    1.917747] rockchip-dmc dmc: could not find power_model node
[    1.919551] W : [File] : drivers/gpu/arm/bifrost/platform/rk/mali_kbase_config_rk.c; [Line] : 132; [Func] : kbase_platform_rk_init(); power-off-delay-ms not available.
[    1.920022] mali fb000000.gpu: r0p0 status 5 is unknown; treating as r0p0 status 0
[    1.920033] mali fb000000.gpu: GPU identified as 0x7 arch 10.8.6 r0p0 status 0
[    1.920093] mali fb000000.gpu: No priority control manager is configured
[    1.920101] mali fb000000.gpu: No memory group manager is configured
[    1.920124] mali fb000000.gpu: Protected memory allocator not available
[    1.920713] mali fb000000.gpu: l=0 h=2147483647 hyst=5000 l_limit=0 h_limit=0 h_table=0
[    1.921480] mali fb000000.gpu: Probed as mali0
[    1.923116] rockchip-i2s-tdm: probe of fddc8000.i2s failed with error -2
[    1.925012] rockchip-vop2 fdd90000.vop: [drm:vop2_bind] vp0 assign plane mask: 0x5, primary plane phy id: 2
[    1.925039] rockchip-vop2 fdd90000.vop: [drm:vop2_bind] vp1 assign plane mask: 0xa, primary plane phy id: 3
[    1.925082] rockchip-vop2 fdd90000.vop: [drm:vop2_bind] vp2 assign plane mask: 0x140, primary plane phy id: 8
[    1.925100] rockchip-vop2 fdd90000.vop: [drm:vop2_bind] vp3 assign plane mask: 0x280, primary plane phy id: 9
[    1.925596] [drm] unsupported AFBC format[3231564e]
[    1.948977] rockchip-drm display-subsystem: bound fdd90000.vop (ops vop2_component_ops)
[    1.949610] mmc0: new HS400 Enhanced strobe MMC card at address 0001
[    1.949833] mmcblk0: mmc0:0001 Y2P128 116 GiB 
[    1.949917] mmcblk0boot0: mmc0:0001 Y2P128 partition 1 4.00 MiB
[    1.949992] mmcblk0boot1: mmc0:0001 Y2P128 partition 2 4.00 MiB
[    1.950043] mmcblk0rpmb: mmc0:0001 Y2P128 partition 3 16.0 MiB, chardev (235:0)
[    1.950289] dwhdmi-rockchip fde80000.hdmi: registered ddc I2C bus driver
[    1.950985] rockchip-drm display-subsystem: bound fde80000.hdmi (ops dw_hdmi_rockchip_ops)
[    1.951713] mmcblk0: p1 p2 p3 p4 p5 p6 p7 p8 p9 p10 p11 p12 p13 p14
[    1.951715] dwhdmi-rockchip fdea0000.hdmi: registered ddc I2C bus driver
[    1.952248] rockchip-drm display-subsystem: bound fdea0000.hdmi (ops dw_hdmi_rockchip_ops)
[    1.952321] rockchip-drm display-subsystem: bound fde50000.dp (ops dw_dp_component_ops)
[    1.952360] rockchip-drm display-subsystem: bound fde60000.dp (ops dw_dp_component_ops)
[    1.952749] rockchip-drm display-subsystem: failed to parse loader memory
[    1.952813] rockchip-drm display-subsystem: [drm] Cannot find any crtc or sizes
[    1.952880] rockchip-drm display-subsystem: [drm] Cannot find any crtc or sizes
[    1.952902] rockchip-drm display-subsystem: [drm] Cannot find any crtc or sizes
[    1.953405] [drm] Initialized rockchip 3.0.0 20140818 for display-subsystem on minor 0
[    1.958900] phy phy-fd5d4000.syscon:usb2-phy@4000.11: illegal mode
[    1.958965] xhci-hcd xhci-hcd.17.auto: xHCI Host Controller
[    1.959183] xhci-hcd xhci-hcd.17.auto: new USB bus registered, assigned bus number 5
[    1.959298] xhci-hcd xhci-hcd.17.auto: hcc params 0x0220fe64 hci version 0x110 quirks 0x0000000002010010
[    1.959333] xhci-hcd xhci-hcd.17.auto: irq 150, io mem 0xfc400000
[    1.959518] usb usb5: New USB device found, idVendor=1d6b, idProduct=0002, bcdDevice= 5.10
[    1.959527] usb usb5: New USB device strings: Mfr=3, Product=2, SerialNumber=1
[    1.959534] usb usb5: Product: xHCI Host Controller
[    1.959541] usb usb5: Manufacturer: Linux 5.10.66 xhci-hcd
[    1.959548] usb usb5: SerialNumber: xhci-hcd.17.auto
[    1.959980] hub 5-0:1.0: USB hub found
[    1.960010] hub 5-0:1.0: 1 port detected
[    1.960191] xhci-hcd xhci-hcd.17.auto: xHCI Host Controller
[    1.960301] xhci-hcd xhci-hcd.17.auto: new USB bus registered, assigned bus number 6
[    1.960314] xhci-hcd xhci-hcd.17.auto: Host supports USB 3.0 SuperSpeed
[    1.960351] usb usb6: We don't know the algorithms for LPM for this host, disabling LPM.
[    1.960418] usb usb6: New USB device found, idVendor=1d6b, idProduct=0003, bcdDevice= 5.10
[    1.960426] usb usb6: New USB device strings: Mfr=3, Product=2, SerialNumber=1
[    1.960433] usb usb6: Product: xHCI Host Controller
[    1.960440] usb usb6: Manufacturer: Linux 5.10.66 xhci-hcd
[    1.960446] usb usb6: SerialNumber: xhci-hcd.17.auto
[    1.960869] hub 6-0:1.0: USB hub found
[    1.960896] hub 6-0:1.0: 1 port detected
[    1.961372] input: adc-keys as /devices/platform/adc-keys/input/input2
[    1.969798] debugfs: File 'Capture' in directory 'dapm' already present!
[    1.970211] input: rockchip,dp1 rockchip,dp1 as /devices/platform/dp1-sound/sound/card1/input3
[    1.970395] debugfs: File 'Capture' in directory 'dapm' already present!
[    1.970747] input: rockchip-hdmi0 rockchip-hdmi0 as /devices/platform/hdmi0-sound/sound/card2/input4
[    1.970938] debugfs: File 'Capture' in directory 'dapm' already present!
[    1.972087] input: rockchip-hdmi1 rockchip-hdmi1 as /devices/platform/hdmi1-sound/sound/card3/input5
[    1.974975] ohci-platform fc8c0000.usb: Generic Platform OHCI controller
[    1.975104] ohci-platform fc8c0000.usb: new USB bus registered, assigned bus number 7
[    1.975204] ohci-platform fc8c0000.usb: irq 23, io mem 0xfc8c0000
[    1.998691] rk-pcie fe170000.pcie: PCIe Link up, LTSSM is 0x30011
[    1.998895] rk-pcie fe170000.pcie: PCI host bridge to bus 0002:20
[    1.998912] pci_bus 0002:20: root bus resource [bus 20-2f]
[    1.998924] pci_bus 0002:20: root bus resource [??? 0xf2000000-0xf20fffff flags 0x0]
[    1.998939] pci_bus 0002:20: root bus resource [io  0x0000-0xfffff] (bus address [0xf2100000-0xf21fffff])
[    1.998951] pci_bus 0002:20: root bus resource [mem 0xf2200000-0xf2ffffff]
[    1.998962] pci_bus 0002:20: root bus resource [mem 0x980000000-0x9bfffffff pref]
[    1.999041] pci 0002:20:00.0: [1d87:3588] type 01 class 0x060400
[    1.999069] pci 0002:20:00.0: reg 0x38: [mem 0x00000000-0x0000ffff pref]
[    1.999131] pci 0002:20:00.0: supports D1 D2
[    1.999143] pci 0002:20:00.0: PME# supported from D0 D1 D3hot
[    2.013988] pci 0002:20:00.0: Primary bus is hard wired to 0
[    2.014003] pci 0002:20:00.0: bridge configuration invalid ([bus 01-ff]), reconfiguring
[    2.014270] pci 0002:21:00.0: [14e4:449d] type 00 class 0x028000
[    2.014364] pci 0002:21:00.0: reg 0x10: [mem 0x00000000-0x0000ffff 64bit]
[    2.014422] pci 0002:21:00.0: reg 0x18: [mem 0x00000000-0x003fffff 64bit]
[    2.015049] pci 0002:21:00.0: supports D1 D2
[    2.015061] pci 0002:21:00.0: PME# supported from D0 D1 D2 D3hot D3cold
[    2.028739] vendor storage:20190527 ret = 0
[    2.033003] usb usb7: New USB device found, idVendor=1d6b, idProduct=0001, bcdDevice= 5.10
[    2.033018] usb usb7: New USB device strings: Mfr=3, Product=2, SerialNumber=1
[    2.033027] usb usb7: Product: Generic Platform OHCI controller
[    2.033034] usb usb7: Manufacturer: Linux 5.10.66 ohci_hcd
[    2.033041] usb usb7: SerialNumber: fc8c0000.usb
[    2.034272] hub 7-0:1.0: USB hub found
[    2.034304] hub 7-0:1.0: 1 port detected
[    2.037426] ehci-platform fc880000.usb: EHCI Host Controller
[    2.037984] ehci-platform fc880000.usb: new USB bus registered, assigned bus number 8
[    2.038337] ehci-platform fc880000.usb: irq 22, io mem 0xfc880000
[    2.040188] pci_bus 0002:21: busn_res: [bus 21-2f] end is updated to 21
[    2.040225] pci 0002:20:00.0: BAR 8: assigned [mem 0xf2200000-0xf27fffff]
[    2.040239] pci 0002:20:00.0: BAR 6: assigned [mem 0xf2800000-0xf280ffff pref]
[    2.040256] pci 0002:21:00.0: BAR 2: assigned [mem 0xf2400000-0xf27fffff 64bit]
[    2.040314] pci 0002:21:00.0: BAR 0: assigned [mem 0xf2200000-0xf220ffff 64bit]
[    2.040369] pci 0002:20:00.0: PCI bridge to [bus 21]
[    2.040382] pci 0002:20:00.0:   bridge window [mem 0xf2200000-0xf27fffff]
[    2.043271] pcieport 0002:20:00.0: PME: Signaling with IRQ 165
[    2.048888] ehci-platform fc880000.usb: USB 2.0 started, EHCI 1.00
[    2.049059] usb usb8: New USB device found, idVendor=1d6b, idProduct=0002, bcdDevice= 5.10
[    2.049075] usb usb8: New USB device strings: Mfr=3, Product=2, SerialNumber=1
[    2.049087] usb usb8: Product: EHCI Host Controller
[    2.049097] usb usb8: Manufacturer: Linux 5.10.66 ehci_hcd
[    2.049107] usb usb8: SerialNumber: fc880000.usb
[    2.049785] hub 8-0:1.0: USB hub found
[    2.049827] hub 8-0:1.0: 1 port detected
[    2.053872] LT6911UXC 3-002b: driver version: 00.01.02
[    2.298869] usb 8-1: new high-speed USB device number 2 using ehci-platform
[    2.448013] usb 8-1: New USB device found, idVendor=1a40, idProduct=0201, bcdDevice= 1.00
[    2.448058] usb 8-1: New USB device strings: Mfr=0, Product=1, SerialNumber=0
[    2.448071] usb 8-1: Product: USB 2.0 Hub [MTT]
[    2.449449] hub 8-1:1.0: USB hub found
[    2.449767] hub 8-1:1.0: 7 ports detected
[    2.495665] LT6911UXC 3-002b: chipid ok, id:0x417, fw_ver:0xc0043804
[    2.748987] usb 8-1.7: new full-speed USB device number 3 using ehci-platform
[    2.867031] usb 8-1.7: New USB device found, idVendor=067b, idProduct=23a3, bcdDevice= 1.05
[    2.867075] usb 8-1.7: New USB device strings: Mfr=1, Product=2, SerialNumber=3
[    2.867089] usb 8-1.7: Product: USB-Serial Controller 
[    2.867101] usb 8-1.7: Manufacturer: Prolific Technology Inc. 
[    2.867112] usb 8-1.7: SerialNumber: A3BOb106315
[    2.932799] rockchip-csi2-dphy csi2-dphy0: dphy0 matches m00_b_LT6911UXC 3-002b:bus type 5
[    2.934978] rkcif-mipi-lvds2: Async subdev notifier completed
[    2.939239] m00_b_LT6911UXC 3-002b: lt6911uxc found @ 0x56 (rk3x-i2c)
[    2.939360] rkcif rkcif-mipi-lvds2: clear unready subdev num: 0
[    2.940831] rockchip_headset rk-headset: Can not read property hook_gpio
[    2.940861] rockchip_headset rk-headset: have not set adc chan
[    2.940872] rockchip_headset rk-headset: headset have no hook mode
[    2.941082] input: rk-headset as /devices/platform/rk-headset/input/input6
[    2.941706] RKNPU fdab0000.npu: Adding to iommu group 0
[    2.941901] RKNPU fdab0000.npu: RKNPU: rknpu iommu is enabled, using iommu mode
[    2.942361] RKNPU fdab0000.npu: can't request region for resource [mem 0xfdab0000-0xfdabffff]
[    2.942411] RKNPU fdab0000.npu: can't request region for resource [mem 0xfdac0000-0xfdacffff]
[    2.942431] RKNPU fdab0000.npu: can't request region for resource [mem 0xfdad0000-0xfdadffff]
[    2.942947] [drm] Initialized rknpu 0.6.4 20211227 for fdab0000.npu on minor 1
[    2.943883] RKNPU fdab0000.npu: Failed to get npu_leakage
[    2.945197] RKNPU fdab0000.npu: pvtm=897
[    2.945572] RKNPU fdab0000.npu: pvtm-volt-sel=3
[    2.947275] RKNPU fdab0000.npu: avs=0
[    2.947759] RKNPU fdab0000.npu: l=0 h=2147483647 hyst=5000 l_limit=0 h_limit=0 h_table=0
[    2.948885] RKNPU fdab0000.npu: failed to find power_model node
[    2.948924] RKNPU fdab0000.npu: RKNPU: failed to initialize power model
[    2.948950] RKNPU fdab0000.npu: RKNPU: failed to get dynamic-coefficient
[    2.950284] cfg80211: Loading compiled-in X.509 certificates for regulatory database
[    2.950575] es8316 7-0010: probe:hp_inserted 0
[    2.950612] es8316 7-0010: Failed to get IRQ 0: -22
[    2.955526] cfg80211: Loaded X.509 cert 'sforshee: 00b28ddf47aef9cea7'
[    2.955829] platform regulatory.0: Direct firmware load for regulatory.db failed with error -2
[    2.955866] cfg80211: failed to load regulatory.db
[    2.958429] rockchip-pm rockchip-suspend: not set pwm-regulator-config
[    2.959219] I : [File] : drivers/gpu/arm/mali400/mali/linux/mali_kernel_linux.c; [Line] : 409; [Func] : mali_module_init(); svn_rev_string_from_arm of this mali_ko is '', rk_ko_ver is '5', built at '18:00:09', on 'Apr  1 2022'.
[    2.959565] Mali: 
[    2.959569] Mali device driver loaded
[    2.959585] ALSA device list:
[    2.959594] #0: rockchip,hdmiin
[    2.959600] #1: rockchip,dp1
[    2.959608] #2: rockchip-hdmi0
[    2.959614] #3: rockchip-hdmi1
[    2.959968] Freeing unused kernel memory: 1280K
[    2.978919] Run /init as init process
[    2.978942] with arguments:
[    2.978945] /init
[    2.978948] with environment:
[    2.978951] HOME=/
[    2.978953] TERM=linux
[    2.978956] storagemedia=emmc
[    2.981439] init: init first stage started!
[    2.981601] init: Unable to open /lib/modules, skipping module loading.
[    2.981884] init: Copied ramdisk prop to /second_stage_resources/system/etc/ramdisk/build.prop
[    2.982245] init: [libfs_mgr]ReadFstabFromDt(): failed to read fstab from dt
[    2.983300] init: Using Android DT directory /proc/device-tree/firmware/android/
[    3.051662] init: [libfs_mgr]superblock s_max_mnt_count:65535,/dev/block/by-name/metadata
[    3.051733] init: [libfs_mgr]Filesystem on /dev/block/by-name/metadata was not cleanly shutdown; state flags: 0x1, incompat feature flags: 0x46
[    3.052050] EXT4-fs (mmcblk0p11): Ignoring removed nomblk_io_submit option
[    3.082504] EXT4-fs (mmcblk0p11): recovery complete
[    3.083159] EXT4-fs (mmcblk0p11): mounted filesystem with ordered data mode. Opts: errors=remount-ro,nomblk_io_submit
[    3.083182] ext4 filesystem being mounted at /metadata supports timestamps until 2038 (0x7fffffff)
[    3.083232] init: [libfs_mgr]check_fs(): mount(/dev/block/by-name/metadata,/metadata,ext4)=0: Success
[    3.087473] init: [libfs_mgr]check_fs(): unmount(/metadata) succeeded
[    3.087881] init: [libfs_mgr]Not running /system/bin/e2fsck on /dev/block/mmcblk0p11 (executable not in system image)
[    3.091519] EXT4-fs (mmcblk0p11): mounted filesystem with ordered data mode. Opts: discard
[    3.091575] ext4 filesystem being mounted at /metadata supports timestamps until 2038 (0x7fffffff)
[    3.103040] EXT4-fs (dm-0): mounted filesystem without journal. Opts: barrier=1
[    3.107323] EXT4-fs (dm-2): mounted filesystem without journal. Opts: barrier=1
[    3.109430] EXT4-fs (dm-4): mounted filesystem without journal. Opts: barrier=1
[    3.111149] EXT4-fs (dm-1): mounted filesystem without journal. Opts: barrier=1
[    3.112813] EXT4-fs (dm-3): mounted filesystem without journal. Opts: barrier=1
[    3.114325] EXT4-fs (dm-5): mounted filesystem without journal. Opts: barrier=1
[    3.116133] EXT4-fs (dm-6): mounted filesystem without journal. Opts: barrier=1
[    3.127195] printk: init: 26 output lines suppressed due to ratelimiting
[    3.270871] init: Opening SELinux policy
[    3.277570] init: Loading SELinux policy
[    3.290262] SELinux:  Permission nlmsg_getneigh in class netlink_route_socket not defined in policy.
[    3.290331] SELinux:  Permission bpf in class capability2 not defined in policy.
[    3.290336] SELinux:  Permission checkpoint_restore in class capability2 not defined in policy.
[    3.290348] SELinux:  Permission bpf in class cap2_userns not defined in policy.
[    3.290352] SELinux:  Permission checkpoint_restore in class cap2_userns not defined in policy.
[    3.290405] SELinux: the above unknown classes and permissions will be denied
[    3.293598] SELinux:  policy capability network_peer_controls=1
[    3.293613] SELinux:  policy capability open_perms=1
[    3.293617] SELinux:  policy capability extended_socket_class=1
[    3.293621] SELinux:  policy capability always_check_network=0
[    3.293625] SELinux:  policy capability cgroup_seclabel=0
[    3.293629] SELinux:  policy capability nnp_nosuid_transition=1
[    3.293634] SELinux:  policy capability genfs_seclabel_symlinks=0
[    3.405810] audit: type=1403 audit(1783438600.040:2): auid=4294967295 ses=4294967295 lsm=selinux res=1
[    3.411660] selinux: SELinux: Loaded file_contexts
[    3.411689] selinux: 
[    3.442325] ---headsetobserve_work---
[    3.458220] init: init second stage started!
[    3.473940] init: Using Android DT directory /proc/device-tree/firmware/android/
[    3.475862] init: Overriding previous property 'persist.sys.usb.config':'none' with new value 'adb'
[    3.476287] init: Overriding previous property 'persist.sys.usb.config':'adb' with new value 'none'
[    3.476320] init: Couldn't load property file '/vendor/default.prop': open() failed: No such file or directory: No such file or directory
[    3.481089] init: Setting product property ro.product.brand to 'rockchip' (from ro.product.product.brand)
[    3.481113] init: Setting product property ro.product.device to 'rk3588_s' (from ro.product.product.device)
[    3.481134] init: Setting product property ro.product.manufacturer to 'rockchip' (from ro.product.product.manufacturer)
[    3.481150] init: Setting product property ro.product.model to 'rk3588_s' (from ro.product.product.model)
[    3.481164] init: Setting product property ro.product.name to 'rk3588_s' (from ro.product.product.name)
[    3.513437] audit: type=1107 audit(1783438600.146:3): pid=1 uid=0 auid=4294967295 ses=4294967295 subj=u:r:init:s0 msg='avc:  denied  { read } for property=persist.sys.adb_enable pid=0 uid=0 gid=0 scontext=u:r:vendor_init:s0 tcontext=u:object_r:system_prop:s0 tclass=file permissive=1'
[    3.513482] audit: type=1107 audit(1783438600.146:4): pid=1 uid=0 auid=4294967295 ses=4294967295 subj=u:r:init:s0 msg='avc:  denied  { read } for property=flash.success pid=0 uid=0 gid=0 scontext=u:r:vendor_init:s0 tcontext=u:object_r:default_prop:s0 tclass=file permissive=1'
[    3.532875] cgroup: Unknown subsys name 'schedtune'
[    3.548818] old_status == headset_info->headset_status
[    3.642067] ueventd: ueventd started!
[    3.643432] selinux: SELinux: Loaded file_contexts
[    3.643449] selinux: 
[    3.643606] ueventd: Parsing file /system/etc/ueventd.rc...
[    3.643955] ueventd: Added '/vendor/etc/ueventd.rc' to import list
[    3.643965] ueventd: Added '/odm/etc/ueventd.rc' to import list
[    3.644127] ueventd: Parsing file /vendor/etc/ueventd.rc...
[    3.644143] ueventd: Unable to read config file '/vendor/etc/ueventd.rc': open() failed: No such file or directory
[    3.644161] ueventd: Parsing file /odm/etc/ueventd.rc...
[    3.644170] ueventd: Unable to read config file '/odm/etc/ueventd.rc': open() failed: No such file or directory
[    3.952767] r8168 Gigabit Ethernet driver 8.049.02-NAPI loaded
[    3.952868] r8168 0003:31:00.0: enabling device (0000 -> 0003)
[    3.969042] r8168 0003:31:00.0 (unnamed net_device) (uninitialized): Invalid ether addr 00:00:00:00:00:00
[    3.969064] r8168 0003:31:00.0 (unnamed net_device) (uninitialized): Random ether addr 16:b8:b1:92:08:34
[    3.969685] r8168: This product is covered by one or more of the following patents: US6,570,884, US6,115,776, and US6,327,625.
[    3.971798] r8168  Copyright (C) 2021 Realtek NIC software team <nicfae@realtek.com> \x0a This program comes with ABSOLUTELY NO WARRANTY; for details, please see <http://www.gnu.org/licenses/>. \x0a This is free software, and you are welcome to redistribute it under certain conditions; see <http://www.gnu.org/licenses/>. 
[    3.986389] fdee0000.hdmirx-controller: hdmirx_delayed_work_hotplug: plugin:1
[    3.986420] fdee0000.hdmirx-controller: mu0_st:0x4000000
[    3.986424] fdee0000.hdmirx-controller: hdmirx_hdmi_irq_handler: en_fiq
[    3.986624] fdee0000.hdmirx-controller: hdmirx_hpd_ctrl: enable, hpd_trigger_level:1
[    3.987870] fdee0000.hdmirx-controller: wait_reg_bit_status:  i:1, time: 10ms
[    3.987882] fdee0000.hdmirx-controller: mu2_st:0x400
[    3.987886] fdee0000.hdmirx-controller: hdmirx_hdmi_irq_handler: en_fiq
[    3.988096] fdee0000.hdmirx-controller: mu2_st:0x400
[    3.988100] fdee0000.hdmirx-controller: hdmirx_hdmi_irq_handler: en_fiq
[    3.988310] fdee0000.hdmirx-controller: mu2_st:0x400
[    3.988315] fdee0000.hdmirx-controller: hdmirx_hdmi_irq_handler: en_fiq
[    3.988524] fdee0000.hdmirx-controller: mu2_st:0x400
[    3.988528] fdee0000.hdmirx-controller: hdmirx_hdmi_irq_handler: en_fiq
[    3.988737] fdee0000.hdmirx-controller: mu2_st:0x400
[    3.988742] fdee0000.hdmirx-controller: hdmirx_hdmi_irq_handler: en_fiq
[    3.988951] fdee0000.hdmirx-controller: mu2_st:0x400
[    3.988955] fdee0000.hdmirx-controller: hdmirx_hdmi_irq_handler: en_fiq
[    3.989165] fdee0000.hdmirx-controller: mu2_st:0x400
[    3.989169] fdee0000.hdmirx-controller: hdmirx_hdmi_irq_handler: en_fiq
[    3.989379] fdee0000.hdmirx-controller: mu2_st:0x400
[    3.989384] fdee0000.hdmirx-controller: hdmirx_hdmi_irq_handler: en_fiq
[    3.989593] fdee0000.hdmirx-controller: mu2_st:0x400
[    3.989598] fdee0000.hdmirx-controller: hdmirx_hdmi_irq_handler: en_fiq
[    3.989807] fdee0000.hdmirx-controller: mu2_st:0x400
[    3.989811] fdee0000.hdmirx-controller: hdmirx_hdmi_irq_handler: en_fiq
[    3.990013] fdee0000.hdmirx-controller: wait_reg_bit_status:  i:0, time: 10ms
[    4.028476] fdee0000.hdmirx-controller: wait_reg_bit_status:  i:38, time: 50ms
[    4.028565] rk_hdmirx fdee0000.hdmirx-controller: hdmirx_audio_interrupts_setup: 1
[    4.322017] rk-pcie fe150000.pcie: PCIe Link Fail
[    4.322036] rk-pcie fe150000.pcie: failed to initialize host
[    4.325776] Registered swp emulation handler
[    4.353533] EXT4-fs (mmcblk0p10): Ignoring removed nomblk_io_submit option
[    4.361830] logd.auditd: start
[    4.361840] logd.klogd: 3209849928
[    4.379167] EXT4-fs (mmcblk0p10): recovery complete
[    4.380685] EXT4-fs (mmcblk0p10): mounted filesystem with ordered data mode. Opts: errors=remount-ro,nomblk_io_submit
[    4.382665] ext4 filesystem being mounted at /cache supports timestamps until 2038 (0x7fffffff)
[    4.416110] e2fsck: e2fsck 1.45.4 (23-Sep-2019)
[    4.418972] e2fsck: Pass 1: Checking inodes, blocks, and sizes
[    4.421268] e2fsck: Pass 2: Checking directory structure
[    4.422530] e2fsck: Pass 3: Checking directory connectivity
[    4.422641] e2fsck: Pass 4: Checking reference counts
[    4.428042] e2fsck: Pass 5: Checking group summary information
[    4.445845] e2fsck: /dev/block/by-name/cache: 20/98304 files (0.0% non-contiguous), 7237/98304 blocks
[    4.448056] EXT4-fs (mmcblk0p10): mounted filesystem with ordered data mode. Opts: noauto_da_alloc,discard
[    4.448338] ext4 filesystem being mounted at /cache supports timestamps until 2038 (0x7fffffff)
[    4.516446] type=1400 audit(1783438601.150:5): avc: denied { write } for comm="tee-supplicant" name="property_service" dev="tmpfs" ino=307 scontext=u:r:tee:s0 tcontext=u:object_r:property_socket:s0 tclass=sock_file permissive=1
[    4.516489] type=1400 audit(1783438601.150:6): avc: denied { connectto } for comm="tee-supplicant" path="/dev/socket/property_service" scontext=u:r:tee:s0 tcontext=u:r:init:s0 tclass=unix_stream_socket permissive=1
[    4.516673] type=1107 audit(1783438601.150:7): uid=0 auid=4294967295 ses=4294967295 subj=u:r:init:s0 msg='avc: denied { set } for property=vendor.security.tee_supplicant pid=329 uid=0 gid=0 scontext=u:r:tee:s0 tcontext=u:object_r:vendor_default_prop:s0 tclass=property_service permissive=1'
[    4.523160] wait_for_keymaster: Waiting for Keymaster device
[    4.822031] type=1400 audit(1783438601.453:8): avc: denied { read } for comm="android.hardwar" name="resolution_white.xml" dev="dm-0" ino=3822 scontext=u:r:hal_graphics_composer_default:s0 tcontext=u:object_r:system_file:s0 tclass=file permissive=1
[    4.822092] type=1400 audit(1783438601.453:9): avc: denied { open } for comm="android.hardwar" path="/system/usr/share/resolution_white.xml" dev="dm-0" ino=3822 scontext=u:r:hal_graphics_composer_default:s0 tcontext=u:object_r:system_file:s0 tclass=file permissive=1
[    4.822112] type=1400 audit(1783438601.456:10): avc: denied { getattr } for comm="android.hardwar" path="/system/usr/share/resolution_white.xml" dev="dm-0" ino=3822 scontext=u:r:hal_graphics_composer_default:s0 tcontext=u:object_r:system_file:s0 tclass=file permissive=1
[    4.837955] rockchip-drm display-subsystem: [drm] Cannot find any crtc or sizes
[    4.869152] type=1400 audit(1783438601.503:11): avc: denied { read } for comm="android.hardwar" name="u:object_r:default_prop:s0" dev="tmpfs" ino=126 scontext=u:r:hal_graphics_composer_default:s0 tcontext=u:object_r:default_prop:s0 tclass=file permissive=1
[    4.869266] type=1400 audit(1783438601.503:12): avc: denied { open } for comm="android.hardwar" path="/dev/__properties__/u:object_r:default_prop:s0" dev="tmpfs" ino=126 scontext=u:r:hal_graphics_composer_default:s0 tcontext=u:object_r:default_prop:s0 tclass=file permissive=1
[    4.955952] mali fb000000.gpu: Loading Mali firmware 0x1010000
[    4.956254] mali fb000000.gpu: Protected memory allocator not found, Firmware protected mode entry will not be supported
[    4.956259] mali fb000000.gpu: Protected memory allocator not found, Firmware protected mode entry will not be supported
[    4.956261] mali fb000000.gpu: Protected memory allocator not found, Firmware protected mode entry will not be supported
[    5.523897] ServiceManager: Waited one second for android.system.keystore2.IKeystoreService/default (is service started? are binder threads started and available?)
[    5.524572] wait_for_keymaster: Keymaster device ready
[    5.526009] binder: undelivered transaction 128, process died.
[    5.540623] vdc: Waited 0ms for vold
[    5.560251] vdc: Waited 0ms for vold
[    5.599248] fsck.f2fs: Info: Fix the reported corruption.
[    5.599915] fsck.f2fs: \x09Info: No support kernel version!
[    5.599925] fsck.f2fs: Info: Segments per section = 1
[    5.599958] fsck.f2fs: Info: Sections per zone = 1
[    5.599963] fsck.f2fs: Info: sector size = 4096
[    5.599966] fsck.f2fs: Info: total sectors = 29495800 (115217 MB)
[    5.600574] fsck.f2fs: Info: MKFS version
[    5.600580] fsck.f2fs:   "5.10.66"
[    5.600583] fsck.f2fs: Info: FSCK version
[    5.600588] fsck.f2fs:   from "5.10.66"
[    5.698634] F2FS-fs (dm-7): Using encoding defined by superblock: utf8-12.1.0 with flags 0x0
[    5.797945] F2FS-fs (dm-7): recover_inode: ino = 3ab0, name = <encrypted>, inline = 21
[    5.798240] F2FS-fs (dm-7): recover_dentry: ino = 3ab0, name = <encrypted>, dir = 66, err = 0
[    5.798295] F2FS-fs (dm-7): recover_data: ino = 3ab0 (i_size: recover) recovered = 1, err = 0
[    5.800965] F2FS-fs (dm-7): checkpoint: version = 3e533570
[    5.801051] F2FS-fs (dm-7): Mounted with checkpoint version = 3e533570
[    5.847999] vdc: Waited 0ms for vold
[    5.858403] fscrypt: AES-256-CTS-CBC using implementation "cts-cbc-aes-ce"
[    5.859138] fscrypt: AES-256-XTS using implementation "xts-aes-ce"
[    5.925427] apexd: This device does not support updatable APEX. Exiting
[    5.925489] apexd: Marking APEXd as activated
[    5.996935] vdc: Waited 0ms for vold
[    6.134028] apexd: This device does not support updatable APEX. Exiting
[    6.134076] apexd: Marking APEXd as ready
[    6.286660] init: Verified that /data/nfc has the encryption policy f5bb324d91df9672b7607e634af8963b v2 modes 1/4 flags 0xa
[    6.286773] init: Inferred action different from explicit one, expected 0 but got 2
[    6.286913] init: Verified that /data/nfc/param has the encryption policy f5bb324d91df9672b7607e634af8963b v2 modes 1/4 flags 0xa
[    6.388984] file system registered
[    6.389745] using random self ethernet address
[    6.389759] using random host ethernet address
[    6.445999] healthd: BatteryCycleCountPath not found
[    6.447838] healthd: battery l=50 v=3 t=2.6 h=2 st=3 c=-1600 fc=100 chg=au
[    6.753519] read descriptors
[    6.753554] read strings
[    6.789231] [dhd] _dhd_module_init: in Dongle Host Driver, version 101.10.361.11 (wlan=r892223-20210630-1)\x0adrivers/net/wireless/rockchip_wlan/rkwifi/bcmdhd compiled on Apr  1 2022 at 18:01:01\x0a
[    6.789259] [dhd] ======== dhd_wlan_init_plat_data ========
[    6.789265] [WLAN_RFKILL]: rockchip_wifi_get_oob_irq: Enter
[    6.789305] [dhd] dhd_wlan_init_gpio: WL_HOST_WAKE=-1, oob_irq=170, oob_irq_flags=0x411
[    6.789311] [dhd] dhd_wlan_init_gpio: WL_REG_ON=-1
[    6.789316] [dhd] dhd_wifi_platform_load: Enter
[    6.789429] [dhd] dhdpcie_pci_probe : no mutex held. set lock
[    6.789437] [dhd] PCI_PROBE:  bus 21, slot 0,vendor 14E4, device 449D(good PCI location)
[    6.789444] [dhd] dhdpcie_init: found adapter info 'DHD generic adapter'
[    6.789512] pcieh 0002:21:00.0: enabling device (0000 -> 0002)
[    6.789856] [dhd] Disable CTO
[    6.790550] [dhd] ******** Perform FLR ********
[    6.811618] vendor read id is:1, reg len is:512
[    6.811627] 2e 64 72 6d
[    6.811629] 73 65 72 a
[    6.811631] ff fb ff f9
[    6.811633] ff ff ff ff
[    6.811634] fd ff ff ff
[    6.811636] fd ff fb ff
[    6.811638] ff ff fe ff
[    6.811640] ff fd fe bf
[    6.811641] ff ef ef ff
[    6.811643] ff ff ff ff
[    6.811645] ff ff ff ff
[    6.811646] ff ff ff ff
[    6.811648] ff ef f7 ef
[    6.811650] ff ff ff fe
[    6.811651] ff ff fb ff
[    6.811653] fb ff ff ff
[    6.811655] ff fb ff df
[    6.811657] ff ff ff fd
[    6.811658] ff ff ff ff
[    6.811660] ff ff fe ff
[    6.811662] fe ff ff ff
[    6.811663] ff fd ff ff
[    6.811665] ff ff fb ff
[    6.811667] fe f6 ff fd
[    6.811668] ff ff ff f7
[    6.811670] ff fe ff ff
[    6.811672] ff ff ff ff
[    6.811673] ff ff fe ff
[    6.811675] fe ff ff fe
[    6.811676] ff ff ff ff
[    6.811678] ff ff ff ff
[    6.811680] ff ff ff ff
[    6.811681] ff fb fd ff
[    6.811683] ff fd ff ff
[    6.811685] ff ff fd ff
[    6.811687] ff fe ff ff
[    6.811699] fe ff bf ff
[    6.811700] ff ff ff ff
[    6.811702] ff fe ff ff
[    6.811704] ff ff ff ff
[    6.811706] ff ff ff 7f
[    6.811707] ff ff ff fd
[    6.811709] ff ff fb ff
[    6.811711] fe ff ff ff
[    6.811712] ff ff ff ff
[    6.811714] ff fe fe fe
[    6.811716] ff fd ff fd
[    6.811717] fd ff ff fd
[    6.811719] ff ff fb ff
[    6.811721] ff ff fc fd
[    6.811722] ff ff ff ff
[    6.811724] fd ff ff 7f
[    6.811726] ff df ff ff
[    6.811727] ff fe fd fd
[    6.811729] ff fe fd ff
[    6.811731] f7 ff fe ff
[    6.811732] fe ff ff fe
[    6.811734] ff f7 ff ff
[    6.811736] ff ff ff ff
[    6.811737] ff fe ff ff
[    6.811739] ff ff ff ff
[    6.811741] ff ff ff ff
[    6.811743] ff ff ff fd
[    6.811744] ff fb ff fb
[    6.811746] ff ff ff ff
[    6.811747] ff ed ff ff
[    6.811749] ff ff ff ff
[    6.811751] ff ff ff fd
[    6.811753] ef fe ff ff
[    6.811754] ff ff ff ff
[    6.811756] ff ff ff ff
[    6.811758] ff fe ff ff
[    6.811760] ff ff ff ff
[    6.811761] fe fe ff fd
[    6.811763] ff ff ff ff
[    6.811765] ff ff ff ff
[    6.811767] f7 ff fe ff
[    6.811768] ff ff ff ff
[    6.811770] ff fd ff ff
[    6.811772] ef ff ff fd
[    6.811773] ff ff ff ff
[    6.811775] d9 ff ff f9
[    6.811777] ff ff ff fd
[    6.811778] ff ff ff ff
[    6.811780] ff fe fb ff
[    6.811782] ff ff ff ff
[    6.811784] ff ef fe fe
[    6.811785] ff fe fe ff
[    6.811787] ff ff ff fb
[    6.811788] fe f7 fd ff
[    6.811790] ff ff f7 fe
[    6.811792] ff ff ff ff
[    6.811794] ff ff ff ff
[    6.811795] ff ff ff ff
[    6.811797] ff ff ff bf
[    6.811799] ff ff ff ff
[    6.811801] ff fa ff ff
[    6.811802] ff ff ff ff
[    6.811804] fd ff ff ff
[    6.811806] ff df fb ff
[    6.811807] ff ff ff fd
[    6.811809] ff ff ff ff
[    6.811811] ff ff ff ff
[    6.811812] f6 f6 ff ff
[    6.811814] ff ff ff ff
[    6.811816] ff ff ff ff
[    6.811818] ee ff ff ff
[    6.811819] ff ff ff ff
[    6.811821] f7 ff ff ff
[    6.811823] ff ff ff fd
[    6.811824] ff ff ff 7f
[    6.811826] fd ff ff ff
[    6.811828] ff ff fb ff
[    6.811829] fb ff ff ff
[    6.811830] ff ff ff ff
[    6.811832] ff ff ff ff
[    6.811834] ff ff ff ff
[    6.811836] ff ff ff ff
[    6.811837] ef fd ff ff
[    6.811839] f7 ff ff ff
[    6.811841] ff ff ff ff
[    6.811842] ff ff ff ff
[    6.811844] 7f ff df ff
[    6.811846] ff ff ff ff
[    6.811847] fd ff ff ff
[    6.811849] ff ff ff fe
[    6.811851] ff ff ff fb
[    6.811852] ff ff ff ff
[    6.865388] [dhd] read_config: reg=0x88 read val=0xb080
[    6.865470] [dhd] read_config: reg=0x88 read val=0xb080
[    6.865537] [dhd] read_config: reg=0x88 read val=0xb080
[    6.865603] [dhd] read_config: reg=0x88 read val=0xb080
[    6.865669] [dhd] read_config: reg=0x88 read val=0xb080
[    6.865735] [dhd] read_config: reg=0x88 read val=0xb080
[    6.865801] [dhd] read_config: reg=0x88 read val=0xb080
[    6.865867] [dhd] read_config: reg=0x88 read val=0xb080
[    6.865933] [dhd] read_config: reg=0x88 read val=0xb080
[    6.865999] [dhd] read_config: reg=0x88 read val=0xb080
[    6.866065] [dhd] read_config: reg=0x88 read val=0xb080
[    6.866131] [dhd] read_config: reg=0x88 read val=0xb080
[    6.866197] [dhd] read_config: reg=0x88 read val=0xb080
[    6.866262] [dhd] read_config: reg=0x88 read val=0xb080
[    6.866328] [dhd] read_config: reg=0x88 read val=0xb080
[    6.866394] [dhd] read_config: reg=0x88 read val=0xb080
[    6.866460] [dhd] read_config: reg=0x88 read val=0xb080
[    6.866526] [dhd] read_config: reg=0x88 read val=0x8080
[    6.866931] [dhd] ******** FLR Succedeed ********
[    6.867222] [dhd] DHD: dongle ram size is set to 1310720(orig 1310720) at 0x170000
[    6.867229] [dhd] dhdpcie_bar1_window_switch_enab: bar1_switch_enab=0 ramstart=0x170000 ramend=0x2affff bar1_size=0x0
[    6.867274] [dhd] dhd_conf_set_chiprev : devid=0x449d, chip=0xaae8, chiprev=2, svid=0x14e4, ssid=0xaae8
[    6.876206] [dhd] dhd_pktid_map_init:2458: pktid_audit init succeeded 1025
[    6.876265] [dhd] dhd_pktid_map_init:2458: pktid_audit init succeeded 4097
[    6.876506] [dhd] dhd_pktid_map_init:2458: pktid_audit init succeeded 36865
[    6.877742] [dhd] CFG80211-ERROR) wl_cfg80211_netdev_notifier_call : wdev null. Do nothing
[    6.877754] [dhd] CFG80211-ERROR) wl_cfg80211_netdev_notifier_call : wdev null. Do nothing
[    6.877759] [dhd] CFG80211-ERROR) wl_cfg80211_netdev_notifier_call : wdev null. Do nothing
[    6.877764] [dhd] CFG80211-ERROR) wl_cfg80211_netdev_notifier_call : wdev null. Do nothing
[    6.877770] [dhd] CFG80211-ERROR) wl_cfg80211_netdev_notifier_call : wdev null. Do nothing
[    6.877776] [dhd] CFG80211-ERROR) wl_cfg80211_netdev_notifier_call : wdev null. Do nothing
[    6.877781] [dhd] CFG80211-ERROR) wl_cfg80211_netdev_notifier_call : wdev null. Do nothing
[    6.877786] [dhd] CFG80211-ERROR) wl_cfg80211_netdev_notifier_call : wdev null. Do nothing
[    6.877791] [dhd] CFG80211-ERROR) wl_cfg80211_netdev_notifier_call : wdev null. Do nothing
[    6.877796] [dhd] CFG80211-ERROR) wl_cfg80211_netdev_notifier_call : wdev null. Do nothing
[    6.877927] [dhd] dhd_attach(): thread:dhd_watchdog_thread:22f started
[    6.877933] [dhd] dhd_deferred_work_init: work queue initialized
[    6.877937] [dhd] dhd_tcpack_suppress_set: TCP ACK Suppress mode 0 -> mode 3
[    6.877943] [dhd] dhd_cpumasks_init CPU masks primary(big)=0x0 secondary(little)=0xfe
[    6.878136] [dhd] dhd_get_memdump_info: MEMDUMP ENABLED = 3
[    6.878142] [dhd] dhdpcie_bus_attach: making DHD_BUS_DOWN
[    6.878148] [dhd] dhdpcie_init: rc_dev from dev->bus->self (1d87:3588) is 0000000000000000
[    6.878243] [dhd] dhdpcie_init: rc_ep_aspm_cap: 1 rc_ep_l1ss_cap: 1
[    6.878251] [dhd] dhdpcie_request_irq: INTx enabled
[    6.878272] [dhd] dhdpcie_bar1_window_switch_enab: bar1_switch_enab=0 ramstart=0x170000 ramend=0x2affff bar1_size=0x400000
[    6.878276] [dhd] Dongle Host Driver, version 101.10.361.11 (wlan=r892223-20210630-1)\x0adrivers/net/wireless/rockchip_wlan/rkwifi/bcmdhd compiled on Apr  1 2022 at 18:01:01\x0a
[    6.878436] [dhd] Register interface [wlan0]  MAC: 00:90:4c:22:ff:af\x0a
[    6.878458] [dhd] dhd_tcpack_suppress_set: TCP ACK Suppress mode 3 -> mode 0
[    6.878461] [dhd][wlan0] wl_android_wifi_off : in g_wifi_on=1, on_failure=1
[    6.878463] [dhd] dhd_rtt_deinit: ENTER
[    6.878466] [dhd] dhd_rtt_deinit: EXIT, err = 0
[    6.878468] [dhd] dhd_bus_devreset: == Power OFF ==
[    6.878474] [dhd] dhdpcie_oob_intr_unregister: irq is not registered
[    6.878476] [dhd] dhd_dpc_kill: tasklet disabled
[    6.879955] [dhd] dhd_bus_devreset:  WLAN OFF Done
[    6.879960] [dhd] wifi_platform_set_power = 0, delay: 0 msec
[    6.879962] [dhd] ======== PULL WL_REG_ON(-1) LOW! ========
[    6.879964] [WLAN_RFKILL]: rockchip_wifi_power: 0
[    6.879967] [WLAN_RFKILL]: rockchip_wifi_power: toggle = false
[    6.879969] wifi power off
[    6.985340] [WLAN_RFKILL]: wifi shut off power [GPIO105-0]
[    6.985351] [dhd][wlan0] wl_android_wifi_off : out
[    6.985356] [dhd] dhdpcie_pci_probe : the lock is released.
[    6.985421] [dhd] _dhd_module_init: Exit err=0
[    6.995353] android_work: did not send uevent (0 0 0000000000000000)
[    8.853523] init: Control message: Could not find 'aidl/package_native' for ctl.interface_start from pid: 298 (/system/bin/servicemanager)
[    9.633608] init: Control message: Processed ctl.start for 'idmap2d' from pid: 617 (system_server)
[    9.655821] healthd: battery l=50 v=3 t=2.6 h=2 st=3 c=-1600 fc=100 chg=au
[    9.751180] type=1400 audit(1783438606.383:46): avc: denied { read } for comm="android.ui" name="state" dev="sysfs" ino=42187 scontext=u:r:system_server:s0 tcontext=u:object_r:sysfs:s0 tclass=file permissive=1
[    9.751282] type=1400 audit(1783438606.383:47): avc: denied { open } for comm="android.ui" path="/sys/devices/platform/fde80000.hdmi/extcon/extcon8/state" dev="sysfs" ino=42187 scontext=u:r:system_server:s0 tcontext=u:object_r:sysfs:s0 tclass=file permissive=1
[    9.751346] type=1400 audit(1783438606.383:48): avc: denied { getattr } for comm="android.ui" path="/sys/devices/platform/fde80000.hdmi/extcon/extcon8/state" dev="sysfs" ino=42187 scontext=u:r:system_server:s0 tcontext=u:object_r:sysfs:s0 tclass=file permissive=1
[    9.764298] type=1400 audit(1783438606.396:49): avc: denied { read } for comm="InputReader" name="leds" dev="sysfs" ino=18856 scontext=u:r:system_server:s0 tcontext=u:object_r:sysfs:s0 tclass=dir permissive=1
[    9.764397] type=1400 audit(1783438606.396:50): avc: denied { open } for comm="InputReader" path="/sys/devices/platform/leds" dev="sysfs" ino=18856 scontext=u:r:system_server:s0 tcontext=u:object_r:sysfs:s0 tclass=dir permissive=1
[    9.784595] init: processing action (sys.sysctl.extra_free_kbytes=*) from (/system/etc/init/hw/init.rc:1153)
[   10.056787] read descriptors
[   10.056798] read strings
[   10.056821] read descriptors
[   10.056825] read strings
[   10.149583] [dhd] CFG80211-ERROR) wl_cfg80211_netdev_notifier_call : wdev null. Do nothing
[   10.149974] phy_rtl8211f_led_fixup in
[   10.150504] rk_gmac-dwmac fe1b0000.ethernet eth0: PHY [stmmac-0:01] driver [Generic PHY] (irq=POLL)
[   10.155742] dwmac4: Master AXI performs any burst length
[   10.155761] rk_gmac-dwmac fe1b0000.ethernet eth0: No Safety Features support found
[   10.155769] rk_gmac-dwmac fe1b0000.ethernet eth0: IEEE 1588-2008 Advanced Timestamp supported
[   10.155940] rk_gmac-dwmac fe1b0000.ethernet eth0: registered PTP clock
[   10.156069] rk_gmac-dwmac fe1b0000.ethernet eth0: configuring for phy/rgmii-rxid link mode
[   10.156357] [dhd] CFG80211-ERROR) wl_cfg80211_netdev_notifier_call : wdev null. Do nothing
[   10.158458] [dhd] CFG80211-ERROR) wl_cfg80211_netdev_notifier_call : wdev null. Do nothing
[   10.161141] [dhd] CFG80211-ERROR) wl_cfg80211_netdev_notifier_call : wdev null. Do nothing
[   10.162419] eth1: 0xffffffc012aab000, 16:b8:b1:92:08:34, IRQ 169
[   10.167063] init: processing action (wlan.driver.status=ok) from (/vendor/etc/init/hw/init.connectivity.rc:54)
[   10.169788] init: processing action (vendor.wifi.direct.interface=p2p-dev-wlan0) from (/vendor/etc/init/hw/init.connectivity.rc:61)
[   10.170135] init: processing action (wlan.driver.status=ok) from (/vendor/etc/init/hw/init.connectivity.rc:54)
[   10.220942] [dhd] CFG80211-ERROR) wl_cfg80211_netdev_notifier_call : wdev null. Do nothing
[   10.220992] [dhd][wlan0] dhd_open : Enter
